#
# There is insufficient memory for the Java Runtime Environment to continue.
# Native memory allocation (malloc) failed to allocate 1559696 bytes. Error detail: Chunk::new
# Possible reasons:
#   The system is out of physical RAM or swap space
#   This process is running with CompressedOops enabled, and the Java Heap may be blocking the growth of the native heap
# Possible solutions:
#   Reduce memory load on the system
#   Increase physical memory or swap space
#   Check if swap backing store is full
#   Decrease Java heap size (-Xmx/-Xms)
#   Decrease number of Java threads
#   Decrease Java thread stack sizes (-Xss)
#   Set larger code cache with -XX:ReservedCodeCacheSize=
#   JVM is running with Zero Based Compressed Oops mode in which the Java heap is
#     placed in the first 32GB address space. The Java Heap base address is the
#     maximum limit for the native heap growth. Please use -XX:HeapBaseMinAddress
#     to set the Java Heap base and to place the Java Heap above 32GB virtual address.
# This output file may be truncated or incomplete.
#
#  Out of Memory Error (arena.cpp:168), pid=4772, tid=21164
#
# JRE version: OpenJDK Runtime Environment Temurin-21.0.12.1+1 (21.0.12.1+1) (build 21.0.12.1+1-LTS)
# Java VM: OpenJDK 64-Bit Server VM Temurin-21.0.12.1+1 (21.0.12.1+1-LTS, mixed mode, sharing, tiered, compressed oops, compressed class ptrs, parallel gc, windows-amd64)
# No core dump will be written. Minidumps are not enabled by default on client versions of Windows
#

---------------  S U M M A R Y ------------

Command Line: --add-modules=ALL-SYSTEM --add-opens=java.base/java.util=ALL-UNNAMED --add-opens=java.base/java.lang=ALL-UNNAMED --add-opens=java.base/sun.nio.fs=ALL-UNNAMED -Declipse.application=org.eclipse.jdt.ls.core.id1 -Dosgi.bundles.defaultStartLevel=4 -Declipse.product=org.eclipse.jdt.ls.core.product -Djava.import.generatesMetadataFilesAtProjectRoot=false -Dm2e.project.cache.size=50 -DDetectVMInstallationsJob.disabled=true -Dfile.encoding=utf8 -XX:+UseParallelGC -XX:GCTimeRatio=4 -XX:AdaptiveSizePolicyWeight=90 -Dsun.zip.disableMemoryMapping=true -Xmx8G -Xms100m -Xlog:disable -javaagent:c:\Users\Giavy\.vscode\extensions\redhat.java-1.56.0-win32-x64\lombok\lombok-1.18.39-4050.jar c:\Users\Giavy\.vscode\extensions\redhat.java-1.56.0-win32-x64\server\plugins\org.eclipse.equinox.launcher_1.8.0.v20260804-1928.jar -configuration c:\Users\Giavy\AppData\Roaming\Code\User\globalStorage\redhat.java\1.56.0\config_ss_win -data c:\Users\Giavy\AppData\Roaming\Code\User\workspaceStorage\df6f78a15654e905172c785effdb8983\redhat.java\ss_ws --pipe=\\.\pipe\lsp-c2ae3f77a82f7c3a1967afad34eea739-sock

Host: 13th Gen Intel(R) Core(TM) i5-1335U, 12 cores, 7G,  Windows 11 , 64 bit Build 26100 (10.0.26100.9444)
Time: Thu Sep 17 07:58:28 2026 SE Asia Standard Time elapsed time: 11.153696 seconds (0d 0h 0m 11s)

---------------  T H R E A D  ---------------

Current thread (0x000001d85a021820):  JavaThread "C2 CompilerThread0" daemon [_thread_in_native, id=21164, stack(0x0000002678700000,0x0000002678800000) (1024K)]


Current CompileTask:
C2:11153 5639       4       org.eclipse.jdt.internal.compiler.parser.Parser::consumeRule (7843 bytes)

Stack: [0x0000002678700000,0x0000002678800000]
Native frames: (J=compiled Java code, j=interpreted, Vv=VM code, C=native code)
V  [jvm.dll+0x6d83e9]
V  [jvm.dll+0x8b5736]
V  [jvm.dll+0x8b7cee]
V  [jvm.dll+0x8b83d3]
V  [jvm.dll+0x284596]
V  [jvm.dll+0xc685d]
V  [jvm.dll+0xc6da1]
V  [jvm.dll+0x3bf151]
V  [jvm.dll+0x38b6d2]
V  [jvm.dll+0x38ab1a]
V  [jvm.dll+0x24c700]
V  [jvm.dll+0x24bce0]
V  [jvm.dll+0x1cb4ae]
V  [jvm.dll+0x25baad]
V  [jvm.dll+0x25a03a]
V  [jvm.dll+0x3f8aae]
V  [jvm.dll+0x8600cd]
V  [jvm.dll+0x6d6c1d]
C  [ucrtbase.dll+0x2cd30]
C  [KERNEL32.DLL+0x2cd87]
C  [ntdll.dll+0xacaec]


---------------  P R O C E S S  ---------------

Threads class SMR info:
_java_thread_list=0x000001d85c385b40, length=40, elements={
0x000001d86daadd60, 0x000001d85a006c40, 0x000001d85a0085c0, 0x000001d85a00c2e0,
0x000001d85a00ed50, 0x000001d85a015b90, 0x000001d85a017330, 0x000001d85a021820,
0x000001d85a026110, 0x000001d85a243cd0, 0x000001d85a3615d0, 0x000001d85aadccc0,
0x000001d85ae0c1c0, 0x000001d85acee970, 0x000001d85ac4f1e0, 0x000001d85ae7acd0,
0x000001d85afd0140, 0x000001d85afcf2b0, 0x000001d85b14ddd0, 0x000001d85b14ca20,
0x000001d85b14f810, 0x000001d85b14eaf0, 0x000001d85b14f180, 0x000001d85b14d0b0,
0x000001d85b14c390, 0x000001d85b14d740, 0x000001d85b14e460, 0x000001d85c0b9bd0,
0x000001d85c0ba260, 0x000001d85c0bbca0, 0x000001d85c0baf80, 0x000001d85c0ba8f0,
0x000001d85c0b8eb0, 0x000001d85c0b9540, 0x000001d85c0bc330, 0x000001d85c0bd050,
0x000001d85c0be400, 0x000001d85c0bc9c0, 0x000001d85c0bd6e0, 0x000001d85c0bb610
}

Java Threads: ( => current thread )
  0x000001d86daadd60 JavaThread "main"                              [_thread_blocked, id=28564, stack(0x0000002677d00000,0x0000002677e00000) (1024K)]
  0x000001d85a006c40 JavaThread "Reference Handler"          daemon [_thread_blocked, id=12580, stack(0x0000002678100000,0x0000002678200000) (1024K)]
  0x000001d85a0085c0 JavaThread "Finalizer"                  daemon [_thread_blocked, id=17448, stack(0x0000002678200000,0x0000002678300000) (1024K)]
  0x000001d85a00c2e0 JavaThread "Signal Dispatcher"          daemon [_thread_blocked, id=7204, stack(0x0000002678300000,0x0000002678400000) (1024K)]
  0x000001d85a00ed50 JavaThread "Attach Listener"            daemon [_thread_blocked, id=23536, stack(0x0000002678400000,0x0000002678500000) (1024K)]
  0x000001d85a015b90 JavaThread "Service Thread"             daemon [_thread_blocked, id=3224, stack(0x0000002678500000,0x0000002678600000) (1024K)]
  0x000001d85a017330 JavaThread "Monitor Deflation Thread"   daemon [_thread_blocked, id=3512, stack(0x0000002678600000,0x0000002678700000) (1024K)]
=>0x000001d85a021820 JavaThread "C2 CompilerThread0"         daemon [_thread_in_native, id=21164, stack(0x0000002678700000,0x0000002678800000) (1024K)]
  0x000001d85a026110 JavaThread "C1 CompilerThread0"         daemon [_thread_blocked, id=19152, stack(0x0000002678800000,0x0000002678900000) (1024K)]
  0x000001d85a243cd0 JavaThread "Common-Cleaner"             daemon [_thread_blocked, id=12368, stack(0x0000002678a00000,0x0000002678b00000) (1024K)]
  0x000001d85a3615d0 JavaThread "Notification Thread"        daemon [_thread_blocked, id=17864, stack(0x0000002678b00000,0x0000002678c00000) (1024K)]
  0x000001d85aadccc0 JavaThread "Active Thread: Equinox Container: 5a876208-761a-46bc-a408-4f2a7c2a909d"        [_thread_blocked, id=25104, stack(0x0000002678900000,0x0000002678a00000) (1024K)]
  0x000001d85ae0c1c0 JavaThread "Framework Event Dispatcher: Equinox Container: 5a876208-761a-46bc-a408-4f2a7c2a909d" daemon [_thread_blocked, id=15200, stack(0x0000002679300000,0x0000002679400000) (1024K)]
  0x000001d85acee970 JavaThread "Start Level: Equinox Container: 5a876208-761a-46bc-a408-4f2a7c2a909d" daemon [_thread_blocked, id=15712, stack(0x0000002679400000,0x0000002679500000) (1024K)]
  0x000001d85ac4f1e0 JavaThread "SCR Component Actor"        daemon [_thread_blocked, id=20580, stack(0x0000002679600000,0x0000002679700000) (1024K)]
  0x000001d85ae7acd0 JavaThread "Worker-JM"                         [_thread_blocked, id=27680, stack(0x0000002678c00000,0x0000002678d00000) (1024K)]
  0x000001d85afd0140 JavaThread "JNA Cleaner"                daemon [_thread_blocked, id=14240, stack(0x0000002679700000,0x0000002679800000) (1024K)]
  0x000001d85afcf2b0 JavaThread "Worker-0"                          [_thread_blocked, id=19080, stack(0x0000002679a00000,0x0000002679b00000) (1024K)]
  0x000001d85b14ddd0 JavaThread "Worker-1"                          [_thread_blocked, id=1896, stack(0x0000002679b00000,0x0000002679c00000) (1024K)]
  0x000001d85b14ca20 JavaThread "Thread-1"                   daemon [_thread_in_native, id=24112, stack(0x0000002679f00000,0x000000267a000000) (1024K)]
  0x000001d85b14f810 JavaThread "Thread-2"                   daemon [_thread_in_native, id=15248, stack(0x000000267a000000,0x000000267a100000) (1024K)]
  0x000001d85b14eaf0 JavaThread "Thread-3"                   daemon [_thread_in_native, id=11760, stack(0x000000267a100000,0x000000267a200000) (1024K)]
  0x000001d85b14f180 JavaThread "Thread-4"                   daemon [_thread_in_native, id=26936, stack(0x000000267a200000,0x000000267a300000) (1024K)]
  0x000001d85b14d0b0 JavaThread "Thread-5"                   daemon [_thread_in_native, id=7388, stack(0x000000267a300000,0x000000267a400000) (1024K)]
  0x000001d85b14c390 JavaThread "Thread-6"                   daemon [_thread_in_native, id=17688, stack(0x000000267a400000,0x000000267a500000) (1024K)]
  0x000001d85b14d740 JavaThread "Thread-7"                   daemon [_thread_in_native, id=26176, stack(0x000000267a500000,0x000000267a600000) (1024K)]
  0x000001d85b14e460 JavaThread "Thread-8"                   daemon [_thread_in_native, id=17752, stack(0x000000267a600000,0x000000267a700000) (1024K)]
  0x000001d85c0b9bd0 JavaThread "Thread-9"                   daemon [_thread_in_native, id=26080, stack(0x000000267a700000,0x000000267a800000) (1024K)]
  0x000001d85c0ba260 JavaThread "Thread-10"                  daemon [_thread_in_native, id=1000, stack(0x000000267a800000,0x000000267a900000) (1024K)]
  0x000001d85c0bbca0 JavaThread "Thread-11"                  daemon [_thread_in_native, id=17660, stack(0x000000267a900000,0x000000267aa00000) (1024K)]
  0x000001d85c0baf80 JavaThread "Thread-12"                  daemon [_thread_in_native, id=24004, stack(0x000000267aa00000,0x000000267ab00000) (1024K)]
  0x000001d85c0ba8f0 JavaThread "Thread-13"                  daemon [_thread_in_native, id=7172, stack(0x000000267ab00000,0x000000267ac00000) (1024K)]
  0x000001d85c0b8eb0 JavaThread "Worker-2: Publish Diagnostics"        [_thread_in_native, id=21000, stack(0x000000267ac00000,0x000000267ad00000) (1024K)]
  0x000001d85c0b9540 JavaThread "pool-2-thread-1"                   [_thread_blocked, id=11440, stack(0x000000267ad00000,0x000000267ae00000) (1024K)]
  0x000001d85c0bc330 JavaThread "WorkspaceEventsHandler"            [_thread_blocked, id=18220, stack(0x000000267ae00000,0x000000267af00000) (1024K)]
  0x000001d85c0bd050 JavaThread "pool-1-thread-1"                   [_thread_blocked, id=2196, stack(0x000000267af00000,0x000000267b000000) (1024K)]
  0x000001d85c0be400 JavaThread "ForkJoinPool.commonPool-worker-1" daemon [_thread_blocked, id=15988, stack(0x0000002679c00000,0x0000002679d00000) (1024K)]
  0x000001d85c0bc9c0 JavaThread "ForkJoinPool.commonPool-worker-2" daemon [_thread_blocked, id=12800, stack(0x000000267b000000,0x000000267b100000) (1024K)]
  0x000001d85c0bd6e0 JavaThread "ForkJoinPool.commonPool-worker-3" daemon [_thread_blocked, id=19408, stack(0x000000267b100000,0x000000267b200000) (1024K)]
  0x000001d85c0bb610 JavaThread "ForkJoinPool.commonPool-worker-4" daemon [_thread_blocked, id=2000, stack(0x000000267b200000,0x000000267b300000) (1024K)]
Total: 40

Other Threads:
  0x000001d86db6ec10 VMThread "VM Thread"                           [id=14296, stack(0x0000002678000000,0x0000002678100000) (1024K)]
  0x000001d812b9ca00 WatcherThread "VM Periodic Task Thread"        [id=16688, stack(0x0000002677f00000,0x0000002678000000) (1024K)]
  0x000001d86dacbfe0 WorkerThread "GC Thread#0"                     [id=21040, stack(0x0000002677e00000,0x0000002677f00000) (1024K)]
  0x000001d85a8294f0 WorkerThread "GC Thread#1"                     [id=27036, stack(0x0000002678d00000,0x0000002678e00000) (1024K)]
  0x000001d85a82a760 WorkerThread "GC Thread#2"                     [id=19332, stack(0x0000002678e00000,0x0000002678f00000) (1024K)]
  0x000001d85a8298a0 WorkerThread "GC Thread#3"                     [id=14728, stack(0x0000002678f00000,0x0000002679000000) (1024K)]
  0x000001d85a828d90 WorkerThread "GC Thread#4"                     [id=11380, stack(0x0000002679000000,0x0000002679100000) (1024K)]
  0x000001d85a829140 WorkerThread "GC Thread#5"                     [id=22608, stack(0x0000002679100000,0x0000002679200000) (1024K)]
  0x000001d85a829c50 WorkerThread "GC Thread#6"                     [id=17716, stack(0x0000002679200000,0x0000002679300000) (1024K)]
  0x000001d85a9d6a90 WorkerThread "GC Thread#7"                     [id=22904, stack(0x0000002679500000,0x0000002679600000) (1024K)]
  0x000001d85a9d7d00 WorkerThread "GC Thread#8"                     [id=8256, stack(0x0000002679800000,0x0000002679900000) (1024K)]
  0x000001d85a9d6330 WorkerThread "GC Thread#9"                     [id=4000, stack(0x0000002679900000,0x0000002679a00000) (1024K)]
Total: 12

Threads with active compile tasks:
C2 CompilerThread0  11196 5639       4       org.eclipse.jdt.internal.compiler.parser.Parser::consumeRule (7843 bytes)
Total: 1

VM state: not at safepoint (normal execution)

VM Mutex/Monitor currently owned by a thread: None

Heap address: 0x0000000600000000, size: 8192 MB, Compressed Oops mode: Zero based, Oop shift amount: 3

CDS archive(s) mapped at: [0x000001d813000000-0x000001d813ba0000-0x000001d813ba0000), size 12189696, SharedBaseAddress: 0x000001d813000000, ArchiveRelocationMode: 1.
Compressed class space mapped at: 0x000001d814000000-0x000001d854000000, reserved size: 1073741824
Narrow klass base: 0x000001d813000000, Narrow klass shift: 0, Narrow klass range: 0x100000000

GC Precious Log:
 CardTable entry size: 512
 CPUs: 12 total, 12 available
 Memory: 7916M
 Large Page Support: Disabled
 NUMA Support: Disabled
 Compressed Oops: Enabled (Zero based)
 Alignments: Space 512K, Generation 512K, Heap 2M
 Heap Min Capacity: 100M
 Heap Initial Capacity: 100M
 Heap Max Capacity: 8G
 Pre-touch: Disabled
 Parallel Workers: 10

Heap:
 PSYoungGen      total 20480K, used 11240K [0x0000000755580000, 0x0000000756c00000, 0x0000000800000000)
  eden space 19968K, 53% used [0x0000000755580000,0x0000000756001ac0,0x0000000756900000)
  from space 512K, 94% used [0x0000000756b00000,0x0000000756b78840,0x0000000756b80000)
  to   space 512K, 0% used [0x0000000756b80000,0x0000000756b80000,0x0000000756c00000)
 ParOldGen       total 68608K, used 31034K [0x0000000600000000, 0x0000000604300000, 0x0000000755580000)
  object space 68608K, 45% used [0x0000000600000000,0x0000000601e4ebb8,0x0000000604300000)
 Metaspace       used 40409K, committed 41408K, reserved 1114112K
  class space    used 4091K, committed 4480K, reserved 1048576K

Card table byte_map: [0x000001d800000000,0x000001d801010000] _byte_map_base: 0x000001d7fd000000

Marking Bits: (ParMarkBitMap*) 0x00007ffeb4b544a0
 Begin Bits: [0x000001d801ac0000, 0x000001d809ac0000)
 End Bits:   [0x000001d809ac0000, 0x000001d811ac0000)

Polling page: 0x000001d86b8b0000

Metaspace:

Usage:
  Non-class:     35.47 MB used.
      Class:      4.00 MB used.
       Both:     39.46 MB used.

Virtual space:
  Non-class space:       64.00 MB reserved,      36.06 MB ( 56%) committed,  1 nodes.
      Class space:        1.00 GB reserved,       4.38 MB ( <1%) committed,  1 nodes.
             Both:        1.06 GB reserved,      40.44 MB (  4%) committed. 

Chunk freelists:
   Non-Class:  11.84 MB
       Class:  11.56 MB
        Both:  23.41 MB

MaxMetaspaceSize: unlimited
CompressedClassSpaceSize: 1.00 GB
Initial GC threshold: 21.00 MB
Current GC threshold: 58.38 MB
CDS: on
 - commit_granule_bytes: 65536.
 - commit_granule_words: 8192.
 - virtual_space_node_default_size: 8388608.
 - enlarge_chunks_in_place: 1.
 - use_allocation_guard: 0.


Internal statistics:

num_allocs_failed_limit: 6.
num_arena_births: 868.
num_arena_deaths: 62.
num_vsnodes_births: 2.
num_vsnodes_deaths: 0.
num_space_committed: 647.
num_space_uncommitted: 0.
num_chunks_returned_to_freelist: 90.
num_chunks_taken_from_freelist: 2648.
num_chunk_merges: 18.
num_chunk_splits: 1647.
num_chunks_enlarged: 978.
num_inconsistent_stats: 0.

CodeHeap 'non-profiled nmethods': size=120000Kb used=2708Kb max_used=2708Kb free=117291Kb
 bounds [0x000001d878780000, 0x000001d878a30000, 0x000001d87fcb0000]
CodeHeap 'profiled nmethods': size=120000Kb used=11784Kb max_used=11784Kb free=108215Kb
 bounds [0x000001d870cb0000, 0x000001d871840000, 0x000001d8781e0000]
CodeHeap 'non-nmethods': size=5760Kb used=1401Kb max_used=1444Kb free=4358Kb
 bounds [0x000001d8781e0000, 0x000001d878450000, 0x000001d878780000]
CodeCache: size=245760Kb, used=15893Kb, max_used=15936Kb, free=229864Kb
 total_blobs=6070, nmethods=5361, adapters=615, full_count=0
Compilation: enabled, stopped_count=0, restarted_count=0

Compilation events (20 events):
Event: 11.130 Thread 0x000001d85a026110 5734       3       org.eclipse.jdt.internal.compiler.util.HashtableOfType::getput (126 bytes)
Event: 11.131 Thread 0x000001d85a026110 nmethod 5734 0x000001d871815d90 code [0x000001d871815fc0, 0x000001d8718168e8]
Event: 11.131 Thread 0x000001d85a026110 5738  s    3       org.eclipse.jdt.internal.compiler.classfmt.MethodInfo::readExceptionAttributes (212 bytes)
Event: 11.132 Thread 0x000001d85a026110 nmethod 5738 0x000001d871816d10 code [0x000001d871816fa0, 0x000001d871818340]
Event: 11.132 Thread 0x000001d85a026110 5733       3       org.eclipse.jdt.internal.compiler.lookup.ReferenceBinding::computeId (3060 bytes)
Event: 11.142 Thread 0x000001d85a026110 nmethod 5733 0x000001d871818a90 code [0x000001d871819b40, 0x000001d871821638]
Event: 11.143 Thread 0x000001d85a026110 5740       3       org.eclipse.jdt.core.Signature::getSimpleNames (183 bytes)
Event: 11.144 Thread 0x000001d85a026110 nmethod 5740 0x000001d871823c90 code [0x000001d871823ec0, 0x000001d8718249b8]
Event: 11.144 Thread 0x000001d85a026110 5741       3       org.eclipse.jdt.internal.compiler.lookup.PackageBinding::getType0 (18 bytes)
Event: 11.144 Thread 0x000001d85a026110 nmethod 5741 0x000001d871824d10 code [0x000001d871824ec0, 0x000001d871825068]
Event: 11.144 Thread 0x000001d85a026110 5742       3       org.eclipse.jdt.internal.compiler.env.IModuleAwareNameEnvironment$LookupStrategy::get (37 bytes)
Event: 11.144 Thread 0x000001d85a026110 nmethod 5742 0x000001d871825110 code [0x000001d8718252e0, 0x000001d871825520]
Event: 11.144 Thread 0x000001d85a026110 5735       3       org.eclipse.jdt.internal.compiler.classfmt.FieldInfo::getGenericSignature (49 bytes)
Event: 11.145 Thread 0x000001d85a026110 nmethod 5735 0x000001d871825590 code [0x000001d871825780, 0x000001d871825c60]
Event: 11.145 Thread 0x000001d85a026110 5736       3       org.eclipse.jdt.internal.compiler.env.ITypeAnnotationWalker$1::toField (2 bytes)
Event: 11.145 Thread 0x000001d85a026110 nmethod 5736 0x000001d871825e90 code [0x000001d871826020, 0x000001d871826130]
Event: 11.145 Thread 0x000001d85a026110 5737       3       org.eclipse.jdt.internal.compiler.lookup.BinaryTypeBinding$1::createBinding (8 bytes)
Event: 11.145 Thread 0x000001d85a026110 nmethod 5737 0x000001d871826210 code [0x000001d8718263c0, 0x000001d871826518]
Event: 11.151 Thread 0x000001d85a026110 5743       3       java.lang.String::valueOf (39 bytes)
Event: 11.151 Thread 0x000001d85a026110 nmethod 5743 0x000001d871826610 code [0x000001d871826800, 0x000001d871826e70]

GC Heap History (20 events):
Event: 7.904 GC heap before
{Heap before GC invocations=16 (full 1):
 PSYoungGen      total 22528K, used 22176K [0x0000000755580000, 0x0000000756f00000, 0x0000000800000000)
  eden space 19968K, 100% used [0x0000000755580000,0x0000000756900000,0x0000000756900000)
  from space 2560K, 86% used [0x0000000756c80000,0x0000000756ea8000,0x0000000756f00000)
  to   space 2560K, 0% used [0x0000000756900000,0x0000000756900000,0x0000000756b80000)
 ParOldGen       total 68608K, used 23118K [0x0000000600000000, 0x0000000604300000, 0x0000000755580000)
  object space 68608K, 33% used [0x0000000600000000,0x0000000601693b60,0x0000000604300000)
 Metaspace       used 32755K, committed 33792K, reserved 1114112K
  class space    used 3324K, committed 3776K, reserved 1048576K
}
Event: 7.908 GC heap after
{Heap after GC invocations=16 (full 1):
 PSYoungGen      total 22528K, used 2336K [0x0000000755580000, 0x0000000756e00000, 0x0000000800000000)
  eden space 19968K, 0% used [0x0000000755580000,0x0000000755580000,0x0000000756900000)
  from space 2560K, 91% used [0x0000000756900000,0x0000000756b48010,0x0000000756b80000)
  to   space 2560K, 0% used [0x0000000756b80000,0x0000000756b80000,0x0000000756e00000)
 ParOldGen       total 68608K, used 25150K [0x0000000600000000, 0x0000000604300000, 0x0000000755580000)
  object space 68608K, 36% used [0x0000000600000000,0x000000060188fb60,0x0000000604300000)
 Metaspace       used 32755K, committed 33792K, reserved 1114112K
  class space    used 3324K, committed 3776K, reserved 1048576K
}
Event: 8.031 GC heap before
{Heap before GC invocations=17 (full 1):
 PSYoungGen      total 22528K, used 22284K [0x0000000755580000, 0x0000000756e00000, 0x0000000800000000)
  eden space 19968K, 99% used [0x0000000755580000,0x00000007568fb380,0x0000000756900000)
  from space 2560K, 91% used [0x0000000756900000,0x0000000756b48010,0x0000000756b80000)
  to   space 2560K, 0% used [0x0000000756b80000,0x0000000756b80000,0x0000000756e00000)
 ParOldGen       total 68608K, used 25150K [0x0000000600000000, 0x0000000604300000, 0x0000000755580000)
  object space 68608K, 36% used [0x0000000600000000,0x000000060188fb60,0x0000000604300000)
 Metaspace       used 33094K, committed 34112K, reserved 1114112K
  class space    used 3373K, committed 3776K, reserved 1048576K
}
Event: 8.034 GC heap after
{Heap after GC invocations=17 (full 1):
 PSYoungGen      total 22528K, used 2013K [0x0000000755580000, 0x0000000756e00000, 0x0000000800000000)
  eden space 19968K, 0% used [0x0000000755580000,0x0000000755580000,0x0000000756900000)
  from space 2560K, 78% used [0x0000000756b80000,0x0000000756d77798,0x0000000756e00000)
  to   space 2560K, 0% used [0x0000000756900000,0x0000000756900000,0x0000000756b80000)
 ParOldGen       total 68608K, used 27342K [0x0000000600000000, 0x0000000604300000, 0x0000000755580000)
  object space 68608K, 39% used [0x0000000600000000,0x0000000601ab3b70,0x0000000604300000)
 Metaspace       used 33094K, committed 34112K, reserved 1114112K
  class space    used 3373K, committed 3776K, reserved 1048576K
}
Event: 8.399 GC heap before
{Heap before GC invocations=18 (full 1):
 PSYoungGen      total 22528K, used 11366K [0x0000000755580000, 0x0000000756e00000, 0x0000000800000000)
  eden space 19968K, 46% used [0x0000000755580000,0x0000000755ea2230,0x0000000756900000)
  from space 2560K, 78% used [0x0000000756b80000,0x0000000756d77798,0x0000000756e00000)
  to   space 2560K, 0% used [0x0000000756900000,0x0000000756900000,0x0000000756b80000)
 ParOldGen       total 68608K, used 27342K [0x0000000600000000, 0x0000000604300000, 0x0000000755580000)
  object space 68608K, 39% used [0x0000000600000000,0x0000000601ab3b70,0x0000000604300000)
 Metaspace       used 34828K, committed 35840K, reserved 1114112K
  class space    used 3555K, committed 3968K, reserved 1048576K
}
Event: 8.402 GC heap after
{Heap after GC invocations=18 (full 1):
 PSYoungGen      total 20992K, used 632K [0x0000000755580000, 0x0000000756c00000, 0x0000000800000000)
  eden space 19968K, 0% used [0x0000000755580000,0x0000000755580000,0x0000000756900000)
  from space 1024K, 61% used [0x0000000756900000,0x000000075699e2e8,0x0000000756a00000)
  to   space 1536K, 0% used [0x0000000756a80000,0x0000000756a80000,0x0000000756c00000)
 ParOldGen       total 68608K, used 29165K [0x0000000600000000, 0x0000000604300000, 0x0000000755580000)
  object space 68608K, 42% used [0x0000000600000000,0x0000000601c7b7d8,0x0000000604300000)
 Metaspace       used 34828K, committed 35840K, reserved 1114112K
  class space    used 3555K, committed 3968K, reserved 1048576K
}
Event: 8.402 GC heap before
{Heap before GC invocations=19 (full 2):
 PSYoungGen      total 20992K, used 632K [0x0000000755580000, 0x0000000756c00000, 0x0000000800000000)
  eden space 19968K, 0% used [0x0000000755580000,0x0000000755580000,0x0000000756900000)
  from space 1024K, 61% used [0x0000000756900000,0x000000075699e2e8,0x0000000756a00000)
  to   space 1536K, 0% used [0x0000000756a80000,0x0000000756a80000,0x0000000756c00000)
 ParOldGen       total 68608K, used 29165K [0x0000000600000000, 0x0000000604300000, 0x0000000755580000)
  object space 68608K, 42% used [0x0000000600000000,0x0000000601c7b7d8,0x0000000604300000)
 Metaspace       used 34828K, committed 35840K, reserved 1114112K
  class space    used 3555K, committed 3968K, reserved 1048576K
}
Event: 8.446 GC heap after
{Heap after GC invocations=19 (full 2):
 PSYoungGen      total 20992K, used 0K [0x0000000755580000, 0x0000000756c00000, 0x0000000800000000)
  eden space 19968K, 0% used [0x0000000755580000,0x0000000755580000,0x0000000756900000)
  from space 1024K, 0% used [0x0000000756900000,0x0000000756900000,0x0000000756a00000)
  to   space 1536K, 0% used [0x0000000756a80000,0x0000000756a80000,0x0000000756c00000)
 ParOldGen       total 68608K, used 28103K [0x0000000600000000, 0x0000000604300000, 0x0000000755580000)
  object space 68608K, 40% used [0x0000000600000000,0x0000000601b71d88,0x0000000604300000)
 Metaspace       used 34785K, committed 35840K, reserved 1114112K
  class space    used 3543K, committed 3968K, reserved 1048576K
}
Event: 9.112 GC heap before
{Heap before GC invocations=20 (full 2):
 PSYoungGen      total 20992K, used 19967K [0x0000000755580000, 0x0000000756c00000, 0x0000000800000000)
  eden space 19968K, 99% used [0x0000000755580000,0x00000007568ffe68,0x0000000756900000)
  from space 1024K, 0% used [0x0000000756900000,0x0000000756900000,0x0000000756a00000)
  to   space 1536K, 0% used [0x0000000756a80000,0x0000000756a80000,0x0000000756c00000)
 ParOldGen       total 68608K, used 28103K [0x0000000600000000, 0x0000000604300000, 0x0000000755580000)
  object space 68608K, 40% used [0x0000000600000000,0x0000000601b71d88,0x0000000604300000)
 Metaspace       used 35803K, committed 36864K, reserved 1114112K
  class space    used 3665K, committed 4096K, reserved 1048576K
}
Event: 9.113 GC heap after
{Heap after GC invocations=20 (full 2):
 PSYoungGen      total 20992K, used 576K [0x0000000755580000, 0x0000000756b80000, 0x0000000800000000)
  eden space 19968K, 0% used [0x0000000755580000,0x0000000755580000,0x0000000756900000)
  from space 1024K, 56% used [0x0000000756a80000,0x0000000756b10010,0x0000000756b80000)
  to   space 1024K, 0% used [0x0000000756900000,0x0000000756900000,0x0000000756a00000)
 ParOldGen       total 68608K, used 28111K [0x0000000600000000, 0x0000000604300000, 0x0000000755580000)
  object space 68608K, 40% used [0x0000000600000000,0x0000000601b73d88,0x0000000604300000)
 Metaspace       used 35803K, committed 36864K, reserved 1114112K
  class space    used 3665K, committed 4096K, reserved 1048576K
}
Event: 9.707 GC heap before
{Heap before GC invocations=21 (full 2):
 PSYoungGen      total 20992K, used 20544K [0x0000000755580000, 0x0000000756b80000, 0x0000000800000000)
  eden space 19968K, 100% used [0x0000000755580000,0x0000000756900000,0x0000000756900000)
  from space 1024K, 56% used [0x0000000756a80000,0x0000000756b10010,0x0000000756b80000)
  to   space 1024K, 0% used [0x0000000756900000,0x0000000756900000,0x0000000756a00000)
 ParOldGen       total 68608K, used 28111K [0x0000000600000000, 0x0000000604300000, 0x0000000755580000)
  object space 68608K, 40% used [0x0000000600000000,0x0000000601b73d88,0x0000000604300000)
 Metaspace       used 37447K, committed 38528K, reserved 1114112K
  class space    used 3841K, committed 4288K, reserved 1048576K
}
Event: 9.710 GC heap after
{Heap after GC invocations=21 (full 2):
 PSYoungGen      total 20992K, used 1024K [0x0000000755580000, 0x0000000756e00000, 0x0000000800000000)
  eden space 19968K, 0% used [0x0000000755580000,0x0000000755580000,0x0000000756900000)
  from space 1024K, 100% used [0x0000000756900000,0x0000000756a00000,0x0000000756a00000)
  to   space 2560K, 0% used [0x0000000756b80000,0x0000000756b80000,0x0000000756e00000)
 ParOldGen       total 68608K, used 29181K [0x0000000600000000, 0x0000000604300000, 0x0000000755580000)
  object space 68608K, 42% used [0x0000000600000000,0x0000000601c7f4b8,0x0000000604300000)
 Metaspace       used 37447K, committed 38528K, reserved 1114112K
  class space    used 3841K, committed 4288K, reserved 1048576K
}
Event: 10.067 GC heap before
{Heap before GC invocations=22 (full 2):
 PSYoungGen      total 20992K, used 20984K [0x0000000755580000, 0x0000000756e00000, 0x0000000800000000)
  eden space 19968K, 99% used [0x0000000755580000,0x00000007568fe2c0,0x0000000756900000)
  from space 1024K, 100% used [0x0000000756900000,0x0000000756a00000,0x0000000756a00000)
  to   space 2560K, 0% used [0x0000000756b80000,0x0000000756b80000,0x0000000756e00000)
 ParOldGen       total 68608K, used 29181K [0x0000000600000000, 0x0000000604300000, 0x0000000755580000)
  object space 68608K, 42% used [0x0000000600000000,0x0000000601c7f4b8,0x0000000604300000)
 Metaspace       used 38142K, committed 39104K, reserved 1114112K
  class space    used 3905K, committed 4288K, reserved 1048576K
}
Event: 10.070 GC heap after
{Heap after GC invocations=22 (full 2):
 PSYoungGen      total 20992K, used 517K [0x0000000755580000, 0x0000000756c80000, 0x0000000800000000)
  eden space 19968K, 0% used [0x0000000755580000,0x0000000755580000,0x0000000756900000)
  from space 1024K, 50% used [0x0000000756b80000,0x0000000756c01458,0x0000000756c80000)
  to   space 1536K, 0% used [0x0000000756980000,0x0000000756980000,0x0000000756b00000)
 ParOldGen       total 68608K, used 30229K [0x0000000600000000, 0x0000000604300000, 0x0000000755580000)
  object space 68608K, 44% used [0x0000000600000000,0x0000000601d854b8,0x0000000604300000)
 Metaspace       used 38142K, committed 39104K, reserved 1114112K
  class space    used 3905K, committed 4288K, reserved 1048576K
}
Event: 10.185 GC heap before
{Heap before GC invocations=23 (full 2):
 PSYoungGen      total 20992K, used 20485K [0x0000000755580000, 0x0000000756c80000, 0x0000000800000000)
  eden space 19968K, 100% used [0x0000000755580000,0x0000000756900000,0x0000000756900000)
  from space 1024K, 50% used [0x0000000756b80000,0x0000000756c01458,0x0000000756c80000)
  to   space 1536K, 0% used [0x0000000756980000,0x0000000756980000,0x0000000756b00000)
 ParOldGen       total 68608K, used 30229K [0x0000000600000000, 0x0000000604300000, 0x0000000755580000)
  object space 68608K, 44% used [0x0000000600000000,0x0000000601d854b8,0x0000000604300000)
 Metaspace       used 38191K, committed 39168K, reserved 1114112K
  class space    used 3905K, committed 4288K, reserved 1048576K
}
Event: 10.185 GC heap after
{Heap after GC invocations=23 (full 2):
 PSYoungGen      total 21504K, used 289K [0x0000000755580000, 0x0000000756c00000, 0x0000000800000000)
  eden space 19968K, 0% used [0x0000000755580000,0x0000000755580000,0x0000000756900000)
  from space 1536K, 18% used [0x0000000756980000,0x00000007569c8418,0x0000000756b00000)
  to   space 512K, 0% used [0x0000000756b80000,0x0000000756b80000,0x0000000756c00000)
 ParOldGen       total 68608K, used 30503K [0x0000000600000000, 0x0000000604300000, 0x0000000755580000)
  object space 68608K, 44% used [0x0000000600000000,0x0000000601dc9cd8,0x0000000604300000)
 Metaspace       used 38191K, committed 39168K, reserved 1114112K
  class space    used 3905K, committed 4288K, reserved 1048576K
}
Event: 10.215 GC heap before
{Heap before GC invocations=24 (full 2):
 PSYoungGen      total 21504K, used 20257K [0x0000000755580000, 0x0000000756c00000, 0x0000000800000000)
  eden space 19968K, 100% used [0x0000000755580000,0x0000000756900000,0x0000000756900000)
  from space 1536K, 18% used [0x0000000756980000,0x00000007569c8418,0x0000000756b00000)
  to   space 512K, 0% used [0x0000000756b80000,0x0000000756b80000,0x0000000756c00000)
 ParOldGen       total 68608K, used 30503K [0x0000000600000000, 0x0000000604300000, 0x0000000755580000)
  object space 68608K, 44% used [0x0000000600000000,0x0000000601dc9cd8,0x0000000604300000)
 Metaspace       used 38214K, committed 39168K, reserved 1114112K
  class space    used 3906K, committed 4288K, reserved 1048576K
}
Event: 10.216 GC heap after
{Heap after GC invocations=24 (full 2):
 PSYoungGen      total 20480K, used 288K [0x0000000755580000, 0x0000000756c00000, 0x0000000800000000)
  eden space 19968K, 0% used [0x0000000755580000,0x0000000755580000,0x0000000756900000)
  from space 512K, 56% used [0x0000000756b80000,0x0000000756bc8000,0x0000000756c00000)
  to   space 512K, 0% used [0x0000000756b00000,0x0000000756b00000,0x0000000756b80000)
 ParOldGen       total 68608K, used 30559K [0x0000000600000000, 0x0000000604300000, 0x0000000755580000)
  object space 68608K, 44% used [0x0000000600000000,0x0000000601dd7cd8,0x0000000604300000)
 Metaspace       used 38214K, committed 39168K, reserved 1114112K
  class space    used 3906K, committed 4288K, reserved 1048576K
}
Event: 10.613 GC heap before
{Heap before GC invocations=25 (full 2):
 PSYoungGen      total 20480K, used 20256K [0x0000000755580000, 0x0000000756c00000, 0x0000000800000000)
  eden space 19968K, 100% used [0x0000000755580000,0x0000000756900000,0x0000000756900000)
  from space 512K, 56% used [0x0000000756b80000,0x0000000756bc8000,0x0000000756c00000)
  to   space 512K, 0% used [0x0000000756b00000,0x0000000756b00000,0x0000000756b80000)
 ParOldGen       total 68608K, used 30559K [0x0000000600000000, 0x0000000604300000, 0x0000000755580000)
  object space 68608K, 44% used [0x0000000600000000,0x0000000601dd7cd8,0x0000000604300000)
 Metaspace       used 39255K, committed 40320K, reserved 1114112K
  class space    used 3971K, committed 4416K, reserved 1048576K
}
Event: 10.618 GC heap after
{Heap after GC invocations=25 (full 2):
 PSYoungGen      total 20480K, used 482K [0x0000000755580000, 0x0000000756c00000, 0x0000000800000000)
  eden space 19968K, 0% used [0x0000000755580000,0x0000000755580000,0x0000000756900000)
  from space 512K, 94% used [0x0000000756b00000,0x0000000756b78840,0x0000000756b80000)
  to   space 512K, 0% used [0x0000000756b80000,0x0000000756b80000,0x0000000756c00000)
 ParOldGen       total 68608K, used 31034K [0x0000000600000000, 0x0000000604300000, 0x0000000755580000)
  object space 68608K, 45% used [0x0000000600000000,0x0000000601e4ebb8,0x0000000604300000)
 Metaspace       used 39255K, committed 40320K, reserved 1114112K
  class space    used 3971K, committed 4416K, reserved 1048576K
}

Dll operation events (20 events):
Event: 0.062 Attempting to load shared library c:\Users\Giavy\.vscode\extensions\redhat.java-1.56.0-win32-x64\jre\21.0.12.1-win32-x86_64\bin\java.dll
Event: 0.063 Loaded shared library c:\Users\Giavy\.vscode\extensions\redhat.java-1.56.0-win32-x64\jre\21.0.12.1-win32-x86_64\bin\java.dll
Event: 0.192 Attempting to load shared library c:\Users\Giavy\.vscode\extensions\redhat.java-1.56.0-win32-x64\jre\21.0.12.1-win32-x86_64\bin\zip.dll
Event: 0.193 Loaded shared library c:\Users\Giavy\.vscode\extensions\redhat.java-1.56.0-win32-x64\jre\21.0.12.1-win32-x86_64\bin\zip.dll
Event: 0.226 Attempting to load shared library C:\Users\Giavy\.vscode\extensions\redhat.java-1.56.0-win32-x64\jre\21.0.12.1-win32-x86_64\bin\instrument.dll
Event: 0.226 Loaded shared library C:\Users\Giavy\.vscode\extensions\redhat.java-1.56.0-win32-x64\jre\21.0.12.1-win32-x86_64\bin\instrument.dll
Event: 0.233 Attempting to load shared library C:\Users\Giavy\.vscode\extensions\redhat.java-1.56.0-win32-x64\jre\21.0.12.1-win32-x86_64\bin\net.dll
Event: 0.235 Loaded shared library C:\Users\Giavy\.vscode\extensions\redhat.java-1.56.0-win32-x64\jre\21.0.12.1-win32-x86_64\bin\net.dll
Event: 0.238 Attempting to load shared library C:\Users\Giavy\.vscode\extensions\redhat.java-1.56.0-win32-x64\jre\21.0.12.1-win32-x86_64\bin\nio.dll
Event: 0.239 Loaded shared library C:\Users\Giavy\.vscode\extensions\redhat.java-1.56.0-win32-x64\jre\21.0.12.1-win32-x86_64\bin\nio.dll
Event: 0.245 Attempting to load shared library C:\Users\Giavy\.vscode\extensions\redhat.java-1.56.0-win32-x64\jre\21.0.12.1-win32-x86_64\bin\zip.dll
Event: 0.246 Loaded shared library C:\Users\Giavy\.vscode\extensions\redhat.java-1.56.0-win32-x64\jre\21.0.12.1-win32-x86_64\bin\zip.dll
Event: 0.280 Attempting to load shared library C:\Users\Giavy\.vscode\extensions\redhat.java-1.56.0-win32-x64\jre\21.0.12.1-win32-x86_64\bin\jimage.dll
Event: 0.280 Loaded shared library C:\Users\Giavy\.vscode\extensions\redhat.java-1.56.0-win32-x64\jre\21.0.12.1-win32-x86_64\bin\jimage.dll
Event: 0.430 Attempting to load shared library c:\Users\Giavy\.vscode\extensions\redhat.java-1.56.0-win32-x64\jre\21.0.12.1-win32-x86_64\bin\verify.dll
Event: 0.431 Loaded shared library c:\Users\Giavy\.vscode\extensions\redhat.java-1.56.0-win32-x64\jre\21.0.12.1-win32-x86_64\bin\verify.dll
Event: 2.783 Attempting to load shared library C:\Users\Giavy\AppData\Roaming\Code\User\globalStorage\redhat.java\1.56.0\config_ss_win\org.eclipse.equinox.launcher\org.eclipse.equinox.launcher.win32.win32.x86_64_1.3.100.v20260804-1928\eclipse_11924.dll
Event: 2.791 Loaded shared library C:\Users\Giavy\AppData\Roaming\Code\User\globalStorage\redhat.java\1.56.0\config_ss_win\org.eclipse.equinox.launcher\org.eclipse.equinox.launcher.win32.win32.x86_64_1.3.100.v20260804-1928\eclipse_11924.dll
Event: 4.469 Attempting to load shared library C:\Users\Giavy\AppData\Local\Temp\jna-68795042\jna12529846575861340262.dll
Event: 4.938 Loaded shared library C:\Users\Giavy\AppData\Local\Temp\jna-68795042\jna12529846575861340262.dll

Deoptimization events (20 events):
Event: 11.020 Thread 0x000001d85c0b8eb0 Uncommon trap: trap_request=0xffffffde fr.pc=0x000001d878a06510 relative=0x0000000000000530
Event: 11.021 Thread 0x000001d85c0b8eb0 Uncommon trap: reason=class_check action=maybe_recompile pc=0x000001d878a06510 method=org.eclipse.jdt.internal.compiler.parser.Parser.consumeRule(I)V @ 4312 c2
Event: 11.021 Thread 0x000001d85c0b8eb0 DEOPT PACKING pc=0x000001d878a06510 sp=0x000000267acfe8c0
Event: 11.021 Thread 0x000001d85c0b8eb0 DEOPT UNPACKING pc=0x000001d878233aa2 sp=0x000000267acfe850 mode 2
Event: 11.021 Thread 0x000001d85c0b8eb0 Uncommon trap: trap_request=0xffffffde fr.pc=0x000001d878a062d0 relative=0x00000000000002f0
Event: 11.021 Thread 0x000001d85c0b8eb0 Uncommon trap: reason=class_check action=maybe_recompile pc=0x000001d878a062d0 method=org.eclipse.jdt.internal.compiler.parser.Parser.consumeRule(I)V @ 5970 c2
Event: 11.021 Thread 0x000001d85c0b8eb0 DEOPT PACKING pc=0x000001d878a062d0 sp=0x000000267acfe8c0
Event: 11.021 Thread 0x000001d85c0b8eb0 DEOPT UNPACKING pc=0x000001d878233aa2 sp=0x000000267acfe850 mode 2
Event: 11.021 Thread 0x000001d85c0b8eb0 Uncommon trap: trap_request=0xffffffde fr.pc=0x000001d878a062e8 relative=0x0000000000000308
Event: 11.021 Thread 0x000001d85c0b8eb0 Uncommon trap: reason=class_check action=maybe_recompile pc=0x000001d878a062e8 method=org.eclipse.jdt.internal.compiler.parser.Parser.consumeRule(I)V @ 4305 c2
Event: 11.021 Thread 0x000001d85c0b8eb0 DEOPT PACKING pc=0x000001d878a062e8 sp=0x000000267acfe8c0
Event: 11.021 Thread 0x000001d85c0b8eb0 DEOPT UNPACKING pc=0x000001d878233aa2 sp=0x000000267acfe850 mode 2
Event: 11.021 Thread 0x000001d85c0b8eb0 Uncommon trap: trap_request=0xffffffde fr.pc=0x000001d878a06510 relative=0x0000000000000530
Event: 11.021 Thread 0x000001d85c0b8eb0 Uncommon trap: reason=class_check action=maybe_recompile pc=0x000001d878a06510 method=org.eclipse.jdt.internal.compiler.parser.Parser.consumeRule(I)V @ 4312 c2
Event: 11.021 Thread 0x000001d85c0b8eb0 DEOPT PACKING pc=0x000001d878a06510 sp=0x000000267acfe8c0
Event: 11.021 Thread 0x000001d85c0b8eb0 DEOPT UNPACKING pc=0x000001d878233aa2 sp=0x000000267acfe850 mode 2
Event: 11.079 Thread 0x000001d85c0bd6e0 Uncommon trap: trap_request=0xffffff45 fr.pc=0x000001d878a1e028 relative=0x0000000000000188
Event: 11.079 Thread 0x000001d85c0bd6e0 Uncommon trap: reason=unstable_if action=reinterpret pc=0x000001d878a1e028 method=java.util.Arrays.equals([C[C)Z @ 8 c2
Event: 11.079 Thread 0x000001d85c0bd6e0 DEOPT PACKING pc=0x000001d878a1e028 sp=0x000000267b1fc990
Event: 11.079 Thread 0x000001d85c0bd6e0 DEOPT UNPACKING pc=0x000001d878233aa2 sp=0x000000267b1fc948 mode 2

Classes loaded (20 events):
Event: 9.534 Loading class java/util/stream/Node$Builder$OfInt done
Event: 9.534 Loading class java/util/stream/Nodes$IntArrayNode
Event: 9.534 Loading class java/util/stream/Nodes$IntArrayNode done
Event: 9.534 Loading class java/util/stream/Nodes$IntFixedNodeBuilder done
Event: 9.534 Loading class java/util/stream/ReferencePipeline$4$1
Event: 9.534 Loading class java/util/stream/ReferencePipeline$4$1 done
Event: 9.702 Loading class java/util/Hashtable$ValueCollection
Event: 9.703 Loading class java/util/Hashtable$ValueCollection done
Event: 9.896 Loading class java/util/regex/PatternSyntaxException
Event: 9.896 Loading class java/util/regex/PatternSyntaxException done
Event: 9.958 Loading class java/util/WeakHashMap$KeyIterator
Event: 9.958 Loading class java/util/WeakHashMap$KeyIterator done
Event: 10.468 Loading class java/io/FileReader
Event: 10.468 Loading class java/io/FileReader done
Event: 10.469 Loading class java/lang/UnsupportedClassVersionError
Event: 10.469 Loading class java/lang/UnsupportedClassVersionError done
Event: 10.805 Loading class java/util/stream/ReduceOps$4
Event: 10.806 Loading class java/util/stream/ReduceOps$4 done
Event: 10.806 Loading class java/util/stream/ReduceOps$4ReducingSink
Event: 10.807 Loading class java/util/stream/ReduceOps$4ReducingSink done

Classes unloaded (20 events):
Event: 8.409 Thread 0x000001d86db6ec10 Unloading class 0x000001d8143a1400 'java/lang/invoke/LambdaForm$MH+0x000001d8143a1400'
Event: 8.409 Thread 0x000001d86db6ec10 Unloading class 0x000001d8143a1000 'java/lang/invoke/LambdaForm$DMH+0x000001d8143a1000'
Event: 8.409 Thread 0x000001d86db6ec10 Unloading class 0x000001d8143a0400 'java/lang/invoke/LambdaForm$MH+0x000001d8143a0400'
Event: 8.409 Thread 0x000001d86db6ec10 Unloading class 0x000001d81439fc00 'java/lang/invoke/LambdaForm$MH+0x000001d81439fc00'
Event: 8.409 Thread 0x000001d86db6ec10 Unloading class 0x000001d81439f400 'java/lang/invoke/LambdaForm$MH+0x000001d81439f400'
Event: 8.409 Thread 0x000001d86db6ec10 Unloading class 0x000001d81439f000 'java/lang/invoke/LambdaForm$DMH+0x000001d81439f000'
Event: 8.409 Thread 0x000001d86db6ec10 Unloading class 0x000001d81439e400 'java/lang/invoke/LambdaForm$MH+0x000001d81439e400'
Event: 8.409 Thread 0x000001d86db6ec10 Unloading class 0x000001d81439dc00 'java/lang/invoke/LambdaForm$MH+0x000001d81439dc00'
Event: 8.409 Thread 0x000001d86db6ec10 Unloading class 0x000001d81439d400 'java/lang/invoke/LambdaForm$MH+0x000001d81439d400'
Event: 8.409 Thread 0x000001d86db6ec10 Unloading class 0x000001d81439c400 'java/lang/invoke/LambdaForm$MH+0x000001d81439c400'
Event: 8.409 Thread 0x000001d86db6ec10 Unloading class 0x000001d81439c000 'java/lang/invoke/LambdaForm$DMH+0x000001d81439c000'
Event: 8.409 Thread 0x000001d86db6ec10 Unloading class 0x000001d814398000 'java/lang/invoke/LambdaForm$MH+0x000001d814398000'
Event: 8.409 Thread 0x000001d86db6ec10 Unloading class 0x000001d814397800 'java/lang/invoke/LambdaForm$MH+0x000001d814397800'
Event: 8.409 Thread 0x000001d86db6ec10 Unloading class 0x000001d814397000 'java/lang/invoke/LambdaForm$MH+0x000001d814397000'
Event: 8.409 Thread 0x000001d86db6ec10 Unloading class 0x000001d814396800 'java/lang/invoke/LambdaForm$MH+0x000001d814396800'
Event: 8.409 Thread 0x000001d86db6ec10 Unloading class 0x000001d814396000 'java/lang/invoke/LambdaForm$MH+0x000001d814396000'
Event: 8.409 Thread 0x000001d86db6ec10 Unloading class 0x000001d814395800 'java/lang/invoke/LambdaForm$MH+0x000001d814395800'
Event: 8.409 Thread 0x000001d86db6ec10 Unloading class 0x000001d814395400 'java/lang/invoke/LambdaForm$MH+0x000001d814395400'
Event: 8.409 Thread 0x000001d86db6ec10 Unloading class 0x000001d814394c00 'java/lang/invoke/LambdaForm$MH+0x000001d814394c00'
Event: 8.409 Thread 0x000001d86db6ec10 Unloading class 0x000001d814394400 'java/lang/invoke/LambdaForm$DMH+0x000001d814394400'

Classes redefined (0 events):
No events

Internal exceptions (20 events):
Event: 9.910 Thread 0x000001d85c0bd050 Implicit null exception at 0x000001d8716ad89f to 0x000001d8716ade65
Event: 9.910 Thread 0x000001d85c0bd050 Exception <a 'java/lang/NullPointerException'{0x0000000755ae66d8}> (0x0000000755ae66d8) 
thrown [s\src\hotspot\share\runtime\sharedRuntime.cpp, line 625]
Event: 9.911 Thread 0x000001d85c0bd050 Implicit null exception at 0x000001d8716ad89f to 0x000001d8716ade65
Event: 9.911 Thread 0x000001d85c0bd050 Exception <a 'java/lang/NullPointerException'{0x0000000755ae9350}> (0x0000000755ae9350) 
thrown [s\src\hotspot\share\runtime\sharedRuntime.cpp, line 625]
Event: 9.979 Thread 0x000001d85c0bd050 Exception <a 'java/lang/IncompatibleClassChangeError'{0x000000075644ba08}: Found class java.lang.Object, but interface was expected> (0x000000075644ba08) 
thrown [s\src\hotspot\share\interpreter\linkResolver.cpp, line 840]
Event: 9.982 Thread 0x000001d85c0bd050 Exception <a 'java/lang/IncompatibleClassChangeError'{0x00000007564c60f8}: Found class java.lang.Object, but interface was expected> (0x00000007564c60f8) 
thrown [s\src\hotspot\share\interpreter\linkResolver.cpp, line 840]
Event: 10.367 Thread 0x000001d85b14ddd0 Exception <a 'java/lang/NoSuchMethodError'{0x0000000756325c18}: 'java.lang.Object java.lang.invoke.DirectMethodHandle$Holder.invokeSpecial(java.lang.Object, java.lang.Object, int, long)'> (0x0000000756325c18) 
thrown [s\src\hotspot\share\interpreter\linkResolver.cpp, line 773]
Event: 10.478 Thread 0x000001d85c0bd6e0 Exception <a 'java/lang/NoSuchMethodError'{0x00000007566804a8}: 'int java.lang.invoke.Invokers$Holder.invokeExact_MT(java.lang.Object, java.lang.Object)'> (0x00000007566804a8) 
thrown [s\src\hotspot\share\interpreter\linkResolver.cpp, line 773]
Event: 10.596 Thread 0x000001d85c0bd6e0 Exception <a 'java/lang/NoSuchMethodError'{0x0000000756843fc0}: 'int java.lang.invoke.DirectMethodHandle$Holder.invokeInterface(java.lang.Object, java.lang.Object)'> (0x0000000756843fc0) 
thrown [s\src\hotspot\share\interpreter\linkResolver.cpp, line 773]
Event: 10.597 Thread 0x000001d85c0bd6e0 Exception <a 'java/lang/IncompatibleClassChangeError'{0x0000000756847290}: Found class java.lang.Object, but interface was expected> (0x0000000756847290) 
thrown [s\src\hotspot\share\interpreter\linkResolver.cpp, line 840]
Event: 10.657 Thread 0x000001d85c0bd6e0 Implicit null exception at 0x000001d8716ad89f to 0x000001d8716ade65
Event: 10.657 Thread 0x000001d85c0bd6e0 Exception <a 'java/lang/NullPointerException'{0x000000075567e560}> (0x000000075567e560) 
thrown [s\src\hotspot\share\runtime\sharedRuntime.cpp, line 625]
Event: 10.657 Thread 0x000001d85c0bd6e0 Implicit null exception at 0x000001d8716ad89f to 0x000001d8716ade65
Event: 10.657 Thread 0x000001d85c0bd6e0 Exception <a 'java/lang/NullPointerException'{0x000000075567f3e0}> (0x000000075567f3e0) 
thrown [s\src\hotspot\share\runtime\sharedRuntime.cpp, line 625]
Event: 10.815 Thread 0x000001d85c0bd6e0 Exception <a 'java/lang/NoSuchMethodError'{0x00000007557ff1e8}: 'int java.lang.invoke.DirectMethodHandle$Holder.invokeSpecialIFC(java.lang.Object, java.lang.Object, java.lang.Object)'> (0x00000007557ff1e8) 
thrown [s\src\hotspot\share\interpreter\linkResolver.cpp, line 773]
Event: 11.021 Thread 0x000001d85c0b8eb0 Implicit null exception at 0x000001d8716ad89f to 0x000001d8716ade65
Event: 11.021 Thread 0x000001d85c0b8eb0 Exception <a 'java/lang/NullPointerException'{0x0000000755c80768}> (0x0000000755c80768) 
thrown [s\src\hotspot\share\runtime\sharedRuntime.cpp, line 625]
Event: 11.021 Thread 0x000001d85c0b8eb0 Implicit null exception at 0x000001d8716ad89f to 0x000001d8716ade65
Event: 11.021 Thread 0x000001d85c0b8eb0 Exception <a 'java/lang/NullPointerException'{0x0000000755c81338}> (0x0000000755c81338) 
thrown [s\src\hotspot\share\runtime\sharedRuntime.cpp, line 625]
Event: 11.079 Thread 0x000001d85c0bd6e0 Implicit null exception at 0x000001d878a1dec9 to 0x000001d878a1e018

ZGC Phase Switch (0 events):
No events

VM Operations (20 events):
Event: 9.491 Executing non-safepoint VM operation: HandshakeAllThreads (Deoptimize)
Event: 9.491 Executing non-safepoint VM operation: HandshakeAllThreads (Deoptimize) done
Event: 9.586 Executing non-safepoint VM operation: HandshakeAllThreads (Deoptimize)
Event: 9.587 Executing non-safepoint VM operation: HandshakeAllThreads (Deoptimize) done
Event: 9.707 Executing safepoint VM operation: ParallelGCFailedAllocation (Allocation Failure)
Event: 9.710 Executing safepoint VM operation: ParallelGCFailedAllocation (Allocation Failure) done
Event: 10.034 Executing safepoint VM operation: ParallelGCFailedAllocation (Allocation Failure)
Event: 10.070 Executing safepoint VM operation: ParallelGCFailedAllocation (Allocation Failure) done
Event: 10.184 Executing safepoint VM operation: ParallelGCFailedAllocation (Allocation Failure)
Event: 10.185 Executing safepoint VM operation: ParallelGCFailedAllocation (Allocation Failure) done
Event: 10.215 Executing safepoint VM operation: ParallelGCFailedAllocation (Allocation Failure)
Event: 10.216 Executing safepoint VM operation: ParallelGCFailedAllocation (Allocation Failure) done
Event: 10.474 Executing non-safepoint VM operation: HandshakeAllThreads (Deoptimize)
Event: 10.474 Executing non-safepoint VM operation: HandshakeAllThreads (Deoptimize) done
Event: 10.613 Executing safepoint VM operation: ParallelGCFailedAllocation (Allocation Failure)
Event: 10.618 Executing safepoint VM operation: ParallelGCFailedAllocation (Allocation Failure) done
Event: 10.654 Executing non-safepoint VM operation: HandshakeAllThreads (Deoptimize)
Event: 10.654 Executing non-safepoint VM operation: HandshakeAllThreads (Deoptimize) done
Event: 10.837 Executing non-safepoint VM operation: HandshakeAllThreads (Deoptimize)
Event: 10.837 Executing non-safepoint VM operation: HandshakeAllThreads (Deoptimize) done

Memory protections (0 events):
No events

Nmethod flushes (20 events):
Event: 8.420 Thread 0x000001d86db6ec10 flushing  nmethod 0x000001d87100d210
Event: 8.420 Thread 0x000001d86db6ec10 flushing  nmethod 0x000001d87102c110
Event: 8.420 Thread 0x000001d86db6ec10 flushing  nmethod 0x000001d87103c810
Event: 8.420 Thread 0x000001d86db6ec10 flushing  nmethod 0x000001d871041c10
Event: 8.420 Thread 0x000001d86db6ec10 flushing  nmethod 0x000001d8710a1690
Event: 8.420 Thread 0x000001d86db6ec10 flushing  nmethod 0x000001d8710fc790
Event: 8.420 Thread 0x000001d86db6ec10 flushing  nmethod 0x000001d87111ad90
Event: 8.420 Thread 0x000001d86db6ec10 flushing  nmethod 0x000001d87111b790
Event: 8.420 Thread 0x000001d86db6ec10 flushing  nmethod 0x000001d871120810
Event: 8.420 Thread 0x000001d86db6ec10 flushing  nmethod 0x000001d871121f90
Event: 8.420 Thread 0x000001d86db6ec10 flushing  nmethod 0x000001d871158710
Event: 8.420 Thread 0x000001d86db6ec10 flushing  nmethod 0x000001d871161110
Event: 8.420 Thread 0x000001d86db6ec10 flushing  nmethod 0x000001d871163990
Event: 8.420 Thread 0x000001d86db6ec10 flushing  nmethod 0x000001d871164e10
Event: 8.420 Thread 0x000001d86db6ec10 flushing  nmethod 0x000001d871199090
Event: 8.420 Thread 0x000001d86db6ec10 flushing  nmethod 0x000001d871199490
Event: 8.420 Thread 0x000001d86db6ec10 flushing  nmethod 0x000001d871199e10
Event: 8.420 Thread 0x000001d86db6ec10 flushing  nmethod 0x000001d8711aa210
Event: 8.420 Thread 0x000001d86db6ec10 flushing  nmethod 0x000001d8711ae290
Event: 8.420 Thread 0x000001d86db6ec10 flushing  nmethod 0x000001d8711afc10

Events (20 events):
Event: 6.239 Thread 0x000001d86daadd60 Thread added: 0x000001d85b14eaf0
Event: 6.240 Thread 0x000001d86daadd60 Thread added: 0x000001d85b14f180
Event: 6.240 Thread 0x000001d86daadd60 Thread added: 0x000001d85b14d0b0
Event: 6.240 Thread 0x000001d86daadd60 Thread added: 0x000001d85b14c390
Event: 6.240 Thread 0x000001d86daadd60 Thread added: 0x000001d85b14d740
Event: 6.240 Thread 0x000001d86daadd60 Thread added: 0x000001d85b14e460
Event: 6.240 Thread 0x000001d86daadd60 Thread added: 0x000001d85c0b9bd0
Event: 6.240 Thread 0x000001d86daadd60 Thread added: 0x000001d85c0ba260
Event: 6.240 Thread 0x000001d86daadd60 Thread added: 0x000001d85c0bbca0
Event: 6.240 Thread 0x000001d86daadd60 Thread added: 0x000001d85c0baf80
Event: 6.240 Thread 0x000001d86daadd60 Thread added: 0x000001d85c0ba8f0
Event: 6.268 Thread 0x000001d85afcf2b0 Thread added: 0x000001d85c0b8eb0
Event: 6.276 Thread 0x000001d86daadd60 Thread added: 0x000001d85c0b9540
Event: 6.532 Thread 0x000001d86daadd60 Thread added: 0x000001d85c0bc330
Event: 6.532 Thread 0x000001d86daadd60 Thread added: 0x000001d85c0bd050
Event: 7.067 Thread 0x000001d85a0289f0 Thread exited: 0x000001d85a0289f0
Event: 7.074 Thread 0x000001d85c0bd050 Thread added: 0x000001d85c0be400
Event: 7.226 Thread 0x000001d85c0bd050 Thread added: 0x000001d85c0bc9c0
Event: 9.981 Thread 0x000001d85c0bd050 Thread added: 0x000001d85c0bd6e0
Event: 9.984 Thread 0x000001d85c0bd050 Thread added: 0x000001d85c0bb610


Dynamic libraries:
0x00007ff77c980000 - 0x00007ff77c98e000 	c:\Users\Giavy\.vscode\extensions\redhat.java-1.56.0-win32-x64\jre\21.0.12.1-win32-x86_64\bin\java.exe
0x00007fff84560000 - 0x00007fff847c7000 	C:\WINDOWS\SYSTEM32\ntdll.dll
0x00007fff83680000 - 0x00007fff8374b000 	C:\WINDOWS\System32\KERNEL32.DLL
0x00007fff81760000 - 0x00007fff81b62000 	C:\WINDOWS\System32\KERNELBASE.dll
0x00007fff81f60000 - 0x00007fff820ac000 	C:\WINDOWS\System32\ucrtbase.dll
0x00007fff508f0000 - 0x00007fff5090e000 	c:\Users\Giavy\.vscode\extensions\redhat.java-1.56.0-win32-x64\jre\21.0.12.1-win32-x86_64\bin\VCRUNTIME140.dll
0x00007fff501b0000 - 0x00007fff501c8000 	c:\Users\Giavy\.vscode\extensions\redhat.java-1.56.0-win32-x64\jre\21.0.12.1-win32-x86_64\bin\jli.dll
0x00007fff82280000 - 0x00007fff8244f000 	C:\WINDOWS\System32\USER32.dll
0x00007fff820c0000 - 0x00007fff820e7000 	C:\WINDOWS\System32\win32u.dll
0x00007fff6b340000 - 0x00007fff6b5d0000 	C:\WINDOWS\WinSxS\amd64_microsoft.windows.common-controls_6595b64144ccf1df_6.0.26100.9278_none_3e0d1ba8e3303201\COMCTL32.dll
0x00007fff844a0000 - 0x00007fff844cb000 	C:\WINDOWS\System32\GDI32.dll
0x00007fff837a0000 - 0x00007fff83849000 	C:\WINDOWS\System32\msvcrt.dll
0x00007fff81b70000 - 0x00007fff81c99000 	C:\WINDOWS\System32\gdi32full.dll
0x00007fff81d60000 - 0x00007fff81e03000 	C:\WINDOWS\System32\msvcp_win.dll
0x00007fff83750000 - 0x00007fff83781000 	C:\WINDOWS\System32\IMM32.DLL
0x00007fff80d70000 - 0x00007fff80d7c000 	c:\Users\Giavy\.vscode\extensions\redhat.java-1.56.0-win32-x64\jre\21.0.12.1-win32-x86_64\bin\vcruntime140_1.dll
0x00007fff42ea0000 - 0x00007fff42f2d000 	c:\Users\Giavy\.vscode\extensions\redhat.java-1.56.0-win32-x64\jre\21.0.12.1-win32-x86_64\bin\msvcp140.dll
0x00007ffeb3e90000 - 0x00007ffeb4c32000 	c:\Users\Giavy\.vscode\extensions\redhat.java-1.56.0-win32-x64\jre\21.0.12.1-win32-x86_64\bin\server\jvm.dll
0x00007fff829a0000 - 0x00007fff82a5c000 	C:\WINDOWS\System32\ADVAPI32.dll
0x00007fff828f0000 - 0x00007fff82999000 	C:\WINDOWS\System32\sechost.dll
0x00007fff83e90000 - 0x00007fff83fa8000 	C:\WINDOWS\System32\RPCRT4.dll
0x00007fff83fb0000 - 0x00007fff84030000 	C:\WINDOWS\System32\WS2_32.dll
0x00007fff815c0000 - 0x00007fff8161e000 	C:\WINDOWS\SYSTEM32\POWRPROF.dll
0x00007fff74670000 - 0x00007fff746a6000 	C:\WINDOWS\SYSTEM32\WINMM.dll
0x00007fff659e0000 - 0x00007fff659eb000 	C:\WINDOWS\SYSTEM32\VERSION.dll
0x00007fff815a0000 - 0x00007fff815b5000 	C:\WINDOWS\SYSTEM32\UMPDC.dll
0x00007fff7ff40000 - 0x00007fff7ff5b000 	C:\WINDOWS\SYSTEM32\kernel.appcore.dll
0x00007fff80a90000 - 0x00007fff80a9a000 	c:\Users\Giavy\.vscode\extensions\redhat.java-1.56.0-win32-x64\jre\21.0.12.1-win32-x86_64\bin\jimage.dll
0x00007fff7e940000 - 0x00007fff7eb8c000 	C:\WINDOWS\SYSTEM32\DBGHELP.DLL
0x00007fff832c0000 - 0x00007fff83645000 	C:\WINDOWS\System32\combase.dll
0x00007fff83a00000 - 0x00007fff83ad9000 	C:\WINDOWS\System32\OLEAUT32.dll
0x00007fff66170000 - 0x00007fff661ab000 	C:\WINDOWS\SYSTEM32\dbgcore.DLL
0x00007fff81e10000 - 0x00007fff81ebc000 	C:\WINDOWS\System32\bcryptPrimitives.dll
0x00007fff76e90000 - 0x00007fff76e9f000 	c:\Users\Giavy\.vscode\extensions\redhat.java-1.56.0-win32-x64\jre\21.0.12.1-win32-x86_64\bin\instrument.dll
0x00007fff4e320000 - 0x00007fff4e340000 	c:\Users\Giavy\.vscode\extensions\redhat.java-1.56.0-win32-x64\jre\21.0.12.1-win32-x86_64\bin\java.dll
0x00007fff82af0000 - 0x00007fff83288000 	C:\WINDOWS\System32\SHELL32.dll
0x00007fff7eca0000 - 0x00007fff7f54e000 	C:\WINDOWS\SYSTEM32\windows.storage.dll
0x00007fff838e0000 - 0x00007fff839db000 	C:\WINDOWS\System32\SHCORE.dll
0x00007fff84040000 - 0x00007fff840a6000 	C:\WINDOWS\System32\shlwapi.dll
0x00007fff81680000 - 0x00007fff816a9000 	C:\WINDOWS\SYSTEM32\profapi.dll
0x00007fff4de60000 - 0x00007fff4de78000 	c:\Users\Giavy\.vscode\extensions\redhat.java-1.56.0-win32-x64\jre\21.0.12.1-win32-x86_64\bin\zip.dll
0x00007fff6c870000 - 0x00007fff6c880000 	C:\Users\Giavy\.vscode\extensions\redhat.java-1.56.0-win32-x64\jre\21.0.12.1-win32-x86_64\bin\net.dll
0x00007fff77ce0000 - 0x00007fff77e0a000 	C:\WINDOWS\SYSTEM32\WINHTTP.dll
0x00007fff80500000 - 0x00007fff8056c000 	C:\WINDOWS\system32\mswsock.dll
0x00007fff4de40000 - 0x00007fff4de56000 	C:\Users\Giavy\.vscode\extensions\redhat.java-1.56.0-win32-x64\jre\21.0.12.1-win32-x86_64\bin\nio.dll
0x00007fff6c830000 - 0x00007fff6c840000 	c:\Users\Giavy\.vscode\extensions\redhat.java-1.56.0-win32-x64\jre\21.0.12.1-win32-x86_64\bin\verify.dll
0x00007fff48df0000 - 0x00007fff48e35000 	C:\Users\Giavy\AppData\Roaming\Code\User\globalStorage\redhat.java\1.56.0\config_ss_win\org.eclipse.equinox.launcher\org.eclipse.equinox.launcher.win32.win32.x86_64_1.3.100.v20260804-1928\eclipse_11924.dll
0x00007fff84240000 - 0x00007fff843da000 	C:\WINDOWS\System32\ole32.dll
0x00007fff807f0000 - 0x00007fff8080b000 	C:\WINDOWS\SYSTEM32\CRYPTSP.dll
0x00007fff7fea0000 - 0x00007fff7fed9000 	C:\WINDOWS\system32\rsaenh.dll
0x00007fff805b0000 - 0x00007fff805e4000 	C:\WINDOWS\SYSTEM32\USERENV.dll
0x00007fff81650000 - 0x00007fff8167a000 	C:\WINDOWS\SYSTEM32\bcrypt.dll
0x00007fff80810000 - 0x00007fff8081c000 	C:\WINDOWS\SYSTEM32\CRYPTBASE.dll
0x00007fff7f920000 - 0x00007fff7f953000 	C:\WINDOWS\SYSTEM32\IPHLPAPI.DLL
0x00007fff83670000 - 0x00007fff8367a000 	C:\WINDOWS\System32\NSI.dll
0x00007fff2b990000 - 0x00007fff2b9d9000 	C:\Users\Giavy\AppData\Local\Temp\jna-68795042\jna12529846575861340262.dll
0x00007fff83ae0000 - 0x00007fff83ae8000 	C:\WINDOWS\System32\PSAPI.DLL
0x00007fff77f40000 - 0x00007fff77f5d000 	C:\WINDOWS\SYSTEM32\dhcpcsvc6.DLL
0x00007fff77e70000 - 0x00007fff77e95000 	C:\WINDOWS\SYSTEM32\dhcpcsvc.DLL

JVMTI agents:
c:\Users\Giavy\.vscode\extensions\redhat.java-1.56.0-win32-x64\lombok\lombok-1.18.39-4050.jar path:c:\Users\Giavy\.vscode\extensions\redhat.java-1.56.0-win32-x64\jre\21.0.12.1-win32-x86_64\bin\instrument.dll, loaded, initialized, instrumentlib options:none

dbghelp: loaded successfully - version: 4.0.5 - missing functions: none
symbol engine: initialized successfully - sym options: 0x614 - pdb path: .;c:\Users\Giavy\.vscode\extensions\redhat.java-1.56.0-win32-x64\jre\21.0.12.1-win32-x86_64\bin;C:\WINDOWS\SYSTEM32;C:\WINDOWS\WinSxS\amd64_microsoft.windows.common-controls_6595b64144ccf1df_6.0.26100.9278_none_3e0d1ba8e3303201;c:\Users\Giavy\.vscode\extensions\redhat.java-1.56.0-win32-x64\jre\21.0.12.1-win32-x86_64\bin\server;C:\Users\Giavy\AppData\Roaming\Code\User\globalStorage\redhat.java\1.56.0\config_ss_win\org.eclipse.equinox.launcher\org.eclipse.equinox.launcher.win32.win32.x86_64_1.3.100.v20260804-1928;C:\Users\Giavy\AppData\Local\Temp\jna-68795042

VM Arguments:
jvm_args: --add-modules=ALL-SYSTEM --add-opens=java.base/java.util=ALL-UNNAMED --add-opens=java.base/java.lang=ALL-UNNAMED --add-opens=java.base/sun.nio.fs=ALL-UNNAMED -Declipse.application=org.eclipse.jdt.ls.core.id1 -Dosgi.bundles.defaultStartLevel=4 -Declipse.product=org.eclipse.jdt.ls.core.product -Djava.import.generatesMetadataFilesAtProjectRoot=false -Dm2e.project.cache.size=50 -DDetectVMInstallationsJob.disabled=true -Dfile.encoding=utf8 -XX:+UseParallelGC -XX:GCTimeRatio=4 -XX:AdaptiveSizePolicyWeight=90 -Dsun.zip.disableMemoryMapping=true -Xmx8G -Xms100m -Xlog:disable -javaagent:c:\Users\Giavy\.vscode\extensions\redhat.java-1.56.0-win32-x64\lombok\lombok-1.18.39-4050.jar 
java_command: c:\Users\Giavy\.vscode\extensions\redhat.java-1.56.0-win32-x64\server\plugins\org.eclipse.equinox.launcher_1.8.0.v20260804-1928.jar -configuration c:\Users\Giavy\AppData\Roaming\Code\User\globalStorage\redhat.java\1.56.0\config_ss_win -data c:\Users\Giavy\AppData\Roaming\Code\User\workspaceStorage\df6f78a15654e905172c785effdb8983\redhat.java\ss_ws --pipe=\\.\pipe\lsp-c2ae3f77a82f7c3a1967afad34eea739-sock
java_class_path (initial): c:\Users\Giavy\.vscode\extensions\redhat.java-1.56.0-win32-x64\server\plugins\org.eclipse.equinox.launcher_1.8.0.v20260804-1928.jar
Launcher Type: SUN_STANDARD

[Global flags]
    uintx AdaptiveSizePolicyWeight                 = 90                                        {product} {command line}
     intx CICompilerCount                          = 4                                         {product} {ergonomic}
    uintx GCTimeRatio                              = 4                                         {product} {command line}
   size_t InitialHeapSize                          = 104857600                                 {product} {command line}
   size_t MaxHeapSize                              = 8589934592                                {product} {command line}
   size_t MaxNewSize                               = 2863136768                                {product} {ergonomic}
   size_t MinHeapDeltaBytes                        = 524288                                    {product} {ergonomic}
   size_t MinHeapSize                              = 104857600                                 {product} {command line}
   size_t NewSize                                  = 34603008                                  {product} {ergonomic}
    uintx NonNMethodCodeHeapSize                   = 5839372                                {pd product} {ergonomic}
    uintx NonProfiledCodeHeapSize                  = 122909434                              {pd product} {ergonomic}
   size_t OldSize                                  = 70254592                                  {product} {ergonomic}
    uintx ProfiledCodeHeapSize                     = 122909434                              {pd product} {ergonomic}
    uintx ReservedCodeCacheSize                    = 251658240                              {pd product} {ergonomic}
     bool SegmentedCodeCache                       = true                                      {product} {ergonomic}
   size_t SoftMaxHeapSize                          = 8589934592                             {manageable} {ergonomic}
     bool UseCompressedOops                        = true                           {product lp64_product} {ergonomic}
     bool UseLargePagesIndividualAllocation        = false                                  {pd product} {ergonomic}
     bool UseParallelGC                            = true                                      {product} {command line}

Logging:
Log output configuration:
 #0: stdout all=off uptime,level,tags foldmultilines=false
 #1: stderr all=off uptime,level,tags foldmultilines=false

Release file:
JAVA_VERSION="21.0.12.1" 
MODULES="java.base java.compiler java.datatransfer java.xml java.prefs java.desktop java.instrument java.logging java.management java.security.sasl java.naming java.rmi java.management.rmi java.net.http java.scripting java.security.jgss java.transaction.xa java.sql java.sql.rowset java.xml.crypto java.se java.smartcardio jdk.accessibility jdk.internal.jvmstat jdk.attach jdk.charsets jdk.internal.opt jdk.zipfs jdk.compiler jdk.crypto.ec jdk.crypto.cryptoki jdk.crypto.mscapi jdk.dynalink jdk.internal.ed jdk.editpad jdk.hotspot.agent jdk.httpserver jdk.internal.le jdk.internal.vm.ci jdk.internal.vm.compiler jdk.internal.vm.compiler.management jdk.jartool jdk.javadoc jdk.jcmd jdk.management jdk.management.agent jdk.jconsole jdk.jdeps jdk.jdwp.agent jdk.jdi jdk.jfr jdk.jshell jdk.jsobject jdk.jstatd jdk.localedata jdk.management.jfr jdk.naming.dns jdk.naming.rmi jdk.net jdk.nio.mapmode jdk.random jdk.sctp jdk.security.auth jdk.security.jgss jdk.unsupported jdk.unsupported.desktop jdk.xml.dom" 

Environment Variables:
JAVA_HOME=C:\Program Files\Eclipse Adoptium\jdk-17.0.15.6-hotspot\
PATH=C:\Program Files\Common Files\Oracle\Java\javapath;C:\Program Files (x86)\Common Files\Oracle\Java\javapath;C:\Program Files\Eclipse Adoptium\jdk-17.0.15.6-hotspot\bin;C:\Program Files (x86)\VMware\VMware Workstation\bin\;C:\WINDOWS\system32;C:\WINDOWS;C:\WINDOWS\System32\Wbem;C:\WINDOWS\System32\WindowsPowerShell\v1.0\;C:\WINDOWS\System32\OpenSSH\;C:\mingw64\bin;C:\Program Files\dotnet\;C:\Program Files (x86)\Microsoft SQL Server\160\Tools\Binn\;C:\Program Files\Microsoft SQL Server\160\Tools\Binn\;C:\Program Files\Microsoft SQL Server\Client SDK\ODBC\170\Tools\Binn\;C:\Program Files\Microsoft SQL Server\160\DTS\Binn\;C:\Program Files (x86)\Microsoft SQL Server\160\DTS\Binn\;C:\Program Files\Java\jdk-24\bin;C:\Users\Giavy\Downloads\jdk-25_windows-x64_bin.zip\jdk-25.0.1\bin;C:\Program Files\nodejs\;C:\ProgramData\chocolatey\bin;C:\Program Files\Git\cmd;C:\Users\Giavy\AppData\Local\Programs\Python\Python312\Scripts\;C:\Users\Giavy\AppData\Local\Programs\Python\Python312\;C:\Users\Giavy\AppData\Local\Programs\Python\Launcher\;C:\Users\Giavy\AppData\Local\Microsoft\WindowsApps;C:\Users\Giavy\Documents\Microsoft VS Code\bin;C:\mingw64\bin;C:\Users\Giavy\AppData\Local\Programs\cursor\resources\app\bin;C:\Users\Giavy\AppData\Local\Programs\Antigravity\bin;C:\Users\Giavy\AppData\Roaming\npm;C:\Users\Giavy\AppData\Local\Programs\Windsurf\bin
USERNAME=Giavy
OS=Windows_NT
PROCESSOR_IDENTIFIER=Intel64 Family 6 Model 186 Stepping 3, GenuineIntel
TMP=C:\Users\Giavy\AppData\Local\Temp
TEMP=C:\Users\Giavy\AppData\Local\Temp




Periodic native trim disabled

---------------  S Y S T E M  ---------------

OS:
 Windows 11 , 64 bit Build 26100 (10.0.26100.9444)
OS uptime: 0 days 22:42 hours
Hyper-V role detected

CPU: total 12 (initial active 12) (6 cores per cpu, 2 threads per core) family 6 model 186 stepping 3 microcode 0x410e, cx8, cmov, fxsr, ht, mmx, 3dnowpref, sse, sse2, sse3, ssse3, sse4.1, sse4.2, popcnt, lzcnt, tsc, tscinvbit, avx, avx2, aes, erms, clmul, bmi1, bmi2, adx, sha, fma, vzeroupper, clflush, clflushopt, clwb, hv, serialize, rdtscp, rdpid, fsrm, f16c, cet_ibt, cet_ss
Processor Information for processor 0
  Max Mhz: 1300, Current Mhz: 1300, Mhz Limit: 1300
Processor Information for processor 1
  Max Mhz: 1300, Current Mhz: 1300, Mhz Limit: 1300
Processor Information for processor 2
  Max Mhz: 1300, Current Mhz: 1300, Mhz Limit: 1300
Processor Information for processor 3
  Max Mhz: 1300, Current Mhz: 1300, Mhz Limit: 1300
Processor Information for processor 4
  Max Mhz: 1300, Current Mhz: 900, Mhz Limit: 897
Processor Information for processor 5
  Max Mhz: 1300, Current Mhz: 900, Mhz Limit: 897
Processor Information for processor 6
  Max Mhz: 1300, Current Mhz: 900, Mhz Limit: 897
Processor Information for processor 7
  Max Mhz: 1300, Current Mhz: 900, Mhz Limit: 897
Processor Information for processor 8
  Max Mhz: 1300, Current Mhz: 900, Mhz Limit: 897
Processor Information for processor 9
  Max Mhz: 1300, Current Mhz: 900, Mhz Limit: 897
Processor Information for processor 10
  Max Mhz: 1300, Current Mhz: 900, Mhz Limit: 897
Processor Information for processor 11
  Max Mhz: 1300, Current Mhz: 900, Mhz Limit: 897

Memory: 4k page, system-wide physical 7916M (115M free)
TotalPageFile size 19166M (AvailPageFile size 0M)
current process WorkingSet (physical memory assigned to process): 204M, peak: 205M
current process commit charge ("private bytes"): 521M, peak: 523M

vm_info: OpenJDK 64-Bit Server VM (21.0.12.1+1-LTS) for windows-amd64 JRE (21.0.12.1+1-LTS), built on 2026-08-18T00:00:00Z by "admin" with MS VC++ 17.12 (VS2022)

END.
