#
# There is insufficient memory for the Java Runtime Environment to continue.
# Native memory allocation (malloc) failed to allocate 942736 bytes. Error detail: Chunk::new
# Possible reasons:
#   The system is out of physical RAM or swap space
#   This process is running with CompressedOops enabled, and the Java Heap may be blocking the growth of the native heap
# Possible solutions:
#   Reduce memory load on the system
#   Increase physical memory or swap space
#   Check if swap backing store is full
#   Decrease Java heap size (-Xmx/-Xms)
#   Decrease number of Java threads
#   Decrease Java thread stack sizes (-Xss)
#   Set larger code cache with -XX:ReservedCodeCacheSize=
#   JVM is running with Zero Based Compressed Oops mode in which the Java heap is
#     placed in the first 32GB address space. The Java Heap base address is the
#     maximum limit for the native heap growth. Please use -XX:HeapBaseMinAddress
#     to set the Java Heap base and to place the Java Heap above 32GB virtual address.
# This output file may be truncated or incomplete.
#
#  Out of Memory Error (arena.cpp:168), pid=23628, tid=28424
#
# JRE version: OpenJDK Runtime Environment Temurin-21.0.12.1+1 (21.0.12.1+1) (build 21.0.12.1+1-LTS)
# Java VM: OpenJDK 64-Bit Server VM Temurin-21.0.12.1+1 (21.0.12.1+1-LTS, mixed mode, sharing, tiered, compressed oops, compressed class ptrs, parallel gc, windows-amd64)
# No core dump will be written. Minidumps are not enabled by default on client versions of Windows
#

---------------  S U M M A R Y ------------

Command Line: --add-modules=ALL-SYSTEM --add-opens=java.base/java.util=ALL-UNNAMED --add-opens=java.base/java.lang=ALL-UNNAMED --add-opens=java.base/sun.nio.fs=ALL-UNNAMED -Declipse.application=org.eclipse.jdt.ls.core.id1 -Dosgi.bundles.defaultStartLevel=4 -Declipse.product=org.eclipse.jdt.ls.core.product -Djava.import.generatesMetadataFilesAtProjectRoot=false -Dm2e.project.cache.size=50 -DDetectVMInstallationsJob.disabled=true -Dfile.encoding=utf8 -XX:+UseParallelGC -XX:GCTimeRatio=4 -XX:AdaptiveSizePolicyWeight=90 -Dsun.zip.disableMemoryMapping=true -Xmx8G -Xms100m -Xlog:disable -javaagent:c:\Users\Giavy\.vscode\extensions\redhat.java-1.56.0-win32-x64\lombok\lombok-1.18.39-4050.jar -XX:+HeapDumpOnOutOfMemoryError -XX:HeapDumpPath=c:\Users\Giavy\AppData\Roaming\Code\User\workspaceStorage\df6f78a15654e905172c785effdb8983\redhat.java -Daether.dependencyCollector.impl=bf c:\Users\Giavy\.vscode\extensions\redhat.java-1.56.0-win32-x64\server\plugins\org.eclipse.equinox.launcher_1.8.0.v20260804-1928.jar -configuration c:\Users\Giavy\AppData\Roaming\Code\User\globalStorage\redhat.java\1.56.0\config_win -data c:\Users\Giavy\AppData\Roaming\Code\User\workspaceStorage\df6f78a15654e905172c785effdb8983\redhat.java\jdt_ws --pipe=\\.\pipe\lsp-b8257b7c84d2a3b55bfa8686cd703a6f-sock

Host: 13th Gen Intel(R) Core(TM) i5-1335U, 12 cores, 7G,  Windows 11 , 64 bit Build 26100 (10.0.26100.9444)
Time: Thu Sep 17 07:58:27 2026 SE Asia Standard Time elapsed time: 10.152054 seconds (0d 0h 0m 10s)

---------------  T H R E A D  ---------------

Current thread (0x00000271c9afeb60):  JavaThread "C2 CompilerThread0" daemon [_thread_in_native, id=28424, stack(0x000000bc6b500000,0x000000bc6b600000) (1024K)]


Current CompileTask:
C2:10152 4521   !   4       sun.nio.cs.StreamDecoder::read (78 bytes)

Stack: [0x000000bc6b500000,0x000000bc6b600000]
Native frames: (J=compiled Java code, j=interpreted, Vv=VM code, C=native code)
V  [jvm.dll+0x6d83e9]
V  [jvm.dll+0x8b5736]
V  [jvm.dll+0x8b7cee]
V  [jvm.dll+0x8b83d3]
V  [jvm.dll+0x284596]
V  [jvm.dll+0xc685d]
V  [jvm.dll+0xc6da1]
V  [jvm.dll+0x3bf151]
V  [jvm.dll+0x1e4149]
V  [jvm.dll+0x24c853]
V  [jvm.dll+0x24bce0]
V  [jvm.dll+0x1cb4ae]
V  [jvm.dll+0x25baad]
V  [jvm.dll+0x25a03a]
V  [jvm.dll+0x3f8aae]
V  [jvm.dll+0x8600cd]
V  [jvm.dll+0x6d6c1d]
C  [ucrtbase.dll+0x2cd30]
C  [KERNEL32.DLL+0x2cd87]
C  [ntdll.dll+0xacaec]


---------------  P R O C E S S  ---------------

Threads class SMR info:
_java_thread_list=0x00000271f7441870, length=43, elements={
0x00000271c9a4f0e0, 0x00000271c9af33d0, 0x00000271c95ee630, 0x00000271c9af9af0,
0x00000271c9afa750, 0x00000271c9afd2c0, 0x00000271c9afdd20, 0x00000271c9afeb60,
0x00000271c9b0ce70, 0x00000271efa3b460, 0x00000271efbb5d50, 0x00000271f0e15660,
0x00000271f0e16a10, 0x00000271f0e17730, 0x00000271f0e170a0, 0x00000271f0e17dc0,
0x00000271f0e18ae0, 0x00000271f0e18450, 0x00000271f0e15cf0, 0x00000271f0e16380,
0x00000271f5d6dbb0, 0x00000271f5d6f5f0, 0x00000271f5d6fc80, 0x00000271f5d6e240,
0x00000271f5d6c800, 0x00000271f5d6e8d0, 0x00000271f5d70310, 0x00000271f5d6d520,
0x00000271f5d6ce90, 0x00000271f5d71d50, 0x00000271f5d716c0, 0x00000271f5d709a0,
0x00000271f5d71030, 0x00000271f5d723e0, 0x00000271f5d6ef60, 0x00000271f5d73100,
0x00000271f5d72a70, 0x00000271f5d73790, 0x00000271f6f23110, 0x00000271f6f209b0,
0x00000271f6f21040, 0x00000271f6f216d0, 0x00000271f6f22a80
}

Java Threads: ( => current thread )
  0x00000271c9a4f0e0 JavaThread "main"                              [_thread_in_vm, id=22884, stack(0x000000bc6ab00000,0x000000bc6ac00000) (1024K)]
  0x00000271c9af33d0 JavaThread "Reference Handler"          daemon [_thread_blocked, id=6648, stack(0x000000bc6af00000,0x000000bc6b000000) (1024K)]
  0x00000271c95ee630 JavaThread "Finalizer"                  daemon [_thread_blocked, id=14708, stack(0x000000bc6b000000,0x000000bc6b100000) (1024K)]
  0x00000271c9af9af0 JavaThread "Signal Dispatcher"          daemon [_thread_blocked, id=6068, stack(0x000000bc6b100000,0x000000bc6b200000) (1024K)]
  0x00000271c9afa750 JavaThread "Attach Listener"            daemon [_thread_blocked, id=19172, stack(0x000000bc6b200000,0x000000bc6b300000) (1024K)]
  0x00000271c9afd2c0 JavaThread "Service Thread"             daemon [_thread_blocked, id=4236, stack(0x000000bc6b300000,0x000000bc6b400000) (1024K)]
  0x00000271c9afdd20 JavaThread "Monitor Deflation Thread"   daemon [_thread_blocked, id=27524, stack(0x000000bc6b400000,0x000000bc6b500000) (1024K)]
=>0x00000271c9afeb60 JavaThread "C2 CompilerThread0"         daemon [_thread_in_native, id=28424, stack(0x000000bc6b500000,0x000000bc6b600000) (1024K)]
  0x00000271c9b0ce70 JavaThread "C1 CompilerThread0"         daemon [_thread_blocked, id=18948, stack(0x000000bc6b600000,0x000000bc6b700000) (1024K)]
  0x00000271efa3b460 JavaThread "Common-Cleaner"             daemon [_thread_blocked, id=4644, stack(0x000000bc6b700000,0x000000bc6b800000) (1024K)]
  0x00000271efbb5d50 JavaThread "Notification Thread"        daemon [_thread_blocked, id=24396, stack(0x000000bc6ba00000,0x000000bc6bb00000) (1024K)]
  0x00000271f0e15660 JavaThread "Active Thread: Equinox Container: 976bf956-6162-4150-ba2f-68ed06816665"        [_thread_blocked, id=15736, stack(0x000000bc6b900000,0x000000bc6ba00000) (1024K)]
  0x00000271f0e16a10 JavaThread "Refresh Thread: Equinox Container: 976bf956-6162-4150-ba2f-68ed06816665" daemon [_thread_blocked, id=12620, stack(0x000000bc6c200000,0x000000bc6c300000) (1024K)]
  0x00000271f0e17730 JavaThread "Framework Event Dispatcher: Equinox Container: 976bf956-6162-4150-ba2f-68ed06816665" daemon [_thread_blocked, id=6424, stack(0x000000bc6c300000,0x000000bc6c400000) (1024K)]
  0x00000271f0e170a0 JavaThread "Start Level: Equinox Container: 976bf956-6162-4150-ba2f-68ed06816665" daemon [_thread_blocked, id=20848, stack(0x000000bc6c400000,0x000000bc6c500000) (1024K)]
  0x00000271f0e17dc0 JavaThread "Bundle File Closer"         daemon [_thread_blocked, id=18296, stack(0x000000bc6c700000,0x000000bc6c800000) (1024K)]
  0x00000271f0e18ae0 JavaThread "SCR Component Actor"        daemon [_thread_blocked, id=26188, stack(0x000000bc6b800000,0x000000bc6b900000) (1024K)]
  0x00000271f0e18450 JavaThread "Worker-JM"                         [_thread_blocked, id=7928, stack(0x000000bc6c800000,0x000000bc6c900000) (1024K)]
  0x00000271f0e15cf0 JavaThread "JNA Cleaner"                daemon [_thread_blocked, id=18272, stack(0x000000bc6c900000,0x000000bc6ca00000) (1024K)]
  0x00000271f0e16380 JavaThread "Worker-0: Updating Maven Dependencies"        [_thread_blocked, id=22736, stack(0x000000bc6ca00000,0x000000bc6cb00000) (1024K)]
  0x00000271f5d6dbb0 JavaThread "Worker-1: Building"                [_thread_in_vm, id=1868, stack(0x000000bc6cb00000,0x000000bc6cc00000) (1024K)]
  0x00000271f5d6f5f0 JavaThread "Worker-2: Repository registry initialization"        [_thread_in_native, id=27700, stack(0x000000bc6cc00000,0x000000bc6cd00000) (1024K)]
  0x00000271f5d6fc80 JavaThread "Worker-3"                          [_thread_blocked, id=12572, stack(0x000000bc6cd00000,0x000000bc6ce00000) (1024K)]
  0x00000271f5d6e240 JavaThread "Java indexing"              daemon [_thread_blocked, id=24456, stack(0x000000bc6ce00000,0x000000bc6cf00000) (1024K)]
  0x00000271f5d6c800 JavaThread "Worker-4: Initialize After Load"        [_thread_blocked, id=27792, stack(0x000000bc6cf00000,0x000000bc6d000000) (1024K)]
  0x00000271f5d6e8d0 JavaThread "Worker-5"                          [_thread_blocked, id=19844, stack(0x000000bc6d200000,0x000000bc6d300000) (1024K)]
  0x00000271f5d70310 JavaThread "Thread-1"                   daemon [_thread_in_native, id=13668, stack(0x000000bc6d300000,0x000000bc6d400000) (1024K)]
  0x00000271f5d6d520 JavaThread "Worker-6"                          [_thread_blocked, id=5172, stack(0x000000bc6d400000,0x000000bc6d500000) (1024K)]
  0x00000271f5d6ce90 JavaThread "Thread-2"                   daemon [_thread_in_native, id=10528, stack(0x000000bc6d500000,0x000000bc6d600000) (1024K)]
  0x00000271f5d71d50 JavaThread "Thread-3"                   daemon [_thread_in_native, id=16996, stack(0x000000bc6d600000,0x000000bc6d700000) (1024K)]
  0x00000271f5d716c0 JavaThread "Thread-4"                   daemon [_thread_in_native, id=12144, stack(0x000000bc6d700000,0x000000bc6d800000) (1024K)]
  0x00000271f5d709a0 JavaThread "Thread-5"                   daemon [_thread_in_native, id=17152, stack(0x000000bc6d800000,0x000000bc6d900000) (1024K)]
  0x00000271f5d71030 JavaThread "Thread-6"                   daemon [_thread_in_native, id=22732, stack(0x000000bc6d900000,0x000000bc6da00000) (1024K)]
  0x00000271f5d723e0 JavaThread "Thread-7"                   daemon [_thread_in_native, id=11880, stack(0x000000bc6da00000,0x000000bc6db00000) (1024K)]
  0x00000271f5d6ef60 JavaThread "Thread-8"                   daemon [_thread_in_native, id=6088, stack(0x000000bc6db00000,0x000000bc6dc00000) (1024K)]
  0x00000271f5d73100 JavaThread "Thread-9"                   daemon [_thread_in_native, id=8816, stack(0x000000bc6dc00000,0x000000bc6dd00000) (1024K)]
  0x00000271f5d72a70 JavaThread "Thread-10"                  daemon [_thread_in_native, id=12588, stack(0x000000bc6dd00000,0x000000bc6de00000) (1024K)]
  0x00000271f5d73790 JavaThread "Thread-11"                  daemon [_thread_in_native, id=6176, stack(0x000000bc6de00000,0x000000bc6df00000) (1024K)]
  0x00000271f6f23110 JavaThread "Thread-12"                  daemon [_thread_in_native, id=14044, stack(0x000000bc6df00000,0x000000bc6e000000) (1024K)]
  0x00000271f6f209b0 JavaThread "Thread-13"                  daemon [_thread_in_native, id=17284, stack(0x000000bc6e000000,0x000000bc6e100000) (1024K)]
  0x00000271f6f21040 JavaThread "pool-2-thread-1"                   [_thread_blocked, id=14852, stack(0x000000bc6e100000,0x000000bc6e200000) (1024K)]
  0x00000271f6f216d0 JavaThread "WorkspaceEventsHandler"            [_thread_blocked, id=12844, stack(0x000000bc6e200000,0x000000bc6e300000) (1024K)]
  0x00000271f6f22a80 JavaThread "pool-1-thread-1"                   [_thread_blocked, id=17376, stack(0x000000bc6e300000,0x000000bc6e400000) (1024K)]
Total: 43

Other Threads:
  0x00000271ef840d70 VMThread "VM Thread"                           [id=5284, stack(0x000000bc6ae00000,0x000000bc6af00000) (1024K)]
  0x00000271c94cca00 WatcherThread "VM Periodic Task Thread"        [id=16500, stack(0x000000bc6ad00000,0x000000bc6ae00000) (1024K)]
  0x00000271c9a6d5d0 WorkerThread "GC Thread#0"                     [id=7796, stack(0x000000bc6ac00000,0x000000bc6ad00000) (1024K)]
  0x00000271f0efeb50 WorkerThread "GC Thread#1"                     [id=21456, stack(0x000000bc6bb00000,0x000000bc6bc00000) (1024K)]
  0x00000271efba75b0 WorkerThread "GC Thread#2"                     [id=15920, stack(0x000000bc6bc00000,0x000000bc6bd00000) (1024K)]
  0x00000271efba7960 WorkerThread "GC Thread#3"                     [id=19624, stack(0x000000bc6bd00000,0x000000bc6be00000) (1024K)]
  0x00000271f0f52150 WorkerThread "GC Thread#4"                     [id=6868, stack(0x000000bc6be00000,0x000000bc6bf00000) (1024K)]
  0x00000271f0f52500 WorkerThread "GC Thread#5"                     [id=19796, stack(0x000000bc6bf00000,0x000000bc6c000000) (1024K)]
  0x00000271f0f528b0 WorkerThread "GC Thread#6"                     [id=23940, stack(0x000000bc6c000000,0x000000bc6c100000) (1024K)]
  0x00000271f50fd200 WorkerThread "GC Thread#7"                     [id=3860, stack(0x000000bc6c100000,0x000000bc6c200000) (1024K)]
  0x00000271f53f9ae0 WorkerThread "GC Thread#8"                     [id=10980, stack(0x000000bc6c500000,0x000000bc6c600000) (1024K)]
  0x00000271f5798b40 WorkerThread "GC Thread#9"                     [id=26460, stack(0x000000bc6c600000,0x000000bc6c700000) (1024K)]
Total: 12

Threads with active compile tasks:
C2 CompilerThread0  10261 4521   !   4       sun.nio.cs.StreamDecoder::read (78 bytes)
Total: 1

VM state: not at safepoint (normal execution)

VM Mutex/Monitor currently owned by a thread: None

Heap address: 0x0000000600000000, size: 8192 MB, Compressed Oops mode: Zero based, Oop shift amount: 3

CDS archive(s) mapped at: [0x0000027180000000-0x0000027180ba0000-0x0000027180ba0000), size 12189696, SharedBaseAddress: 0x0000027180000000, ArchiveRelocationMode: 1.
Compressed class space mapped at: 0x0000027181000000-0x00000271c1000000, reserved size: 1073741824
Narrow klass base: 0x0000027180000000, Narrow klass shift: 0, Narrow klass range: 0x100000000

GC Precious Log:
 CardTable entry size: 512
 CPUs: 12 total, 12 available
 Memory: 7916M
 Large Page Support: Disabled
 NUMA Support: Disabled
 Compressed Oops: Enabled (Zero based)
 Alignments: Space 512K, Generation 512K, Heap 2M
 Heap Min Capacity: 100M
 Heap Initial Capacity: 100M
 Heap Max Capacity: 8G
 Pre-touch: Disabled
 Parallel Workers: 10

Heap:
 PSYoungGen      total 23552K, used 16655K [0x0000000755580000, 0x0000000757100000, 0x0000000800000000)
  eden space 22016K, 68% used [0x0000000755580000,0x0000000756448ab8,0x0000000756b00000)
  from space 1536K, 98% used [0x0000000756f00000,0x000000075707b360,0x0000000757080000)
  to   space 3072K, 0% used [0x0000000756b00000,0x0000000756b00000,0x0000000756e00000)
 ParOldGen       total 68608K, used 18842K [0x0000000600000000, 0x0000000604300000, 0x0000000755580000)
  object space 68608K, 27% used [0x0000000600000000,0x0000000601266a90,0x0000000604300000)
 Metaspace       used 37926K, committed 39040K, reserved 1114112K
  class space    used 3999K, committed 4480K, reserved 1048576K

Card table byte_map: [0x00000271dbc50000,0x00000271dcc60000] _byte_map_base: 0x00000271d8c50000

Marking Bits: (ParMarkBitMap*) 0x00007ffeb4b544a0
 Begin Bits: [0x00000271dd710000, 0x00000271e5710000)
 End Bits:   [0x00000271e5710000, 0x00000271ed710000)

Polling page: 0x00000271c7810000

Metaspace:

Usage:
  Non-class:     33.13 MB used.
      Class:      3.91 MB used.
       Both:     37.04 MB used.

Virtual space:
  Non-class space:       64.00 MB reserved,      33.75 MB ( 53%) committed,  1 nodes.
      Class space:        1.00 GB reserved,       4.38 MB ( <1%) committed,  1 nodes.
             Both:        1.06 GB reserved,      38.12 MB (  4%) committed. 

Chunk freelists:
   Non-Class:  13.56 MB
       Class:  11.50 MB
        Both:  25.06 MB

MaxMetaspaceSize: unlimited
CompressedClassSpaceSize: 1.00 GB
Initial GC threshold: 21.00 MB
Current GC threshold: 58.38 MB
CDS: on
 - commit_granule_bytes: 65536.
 - commit_granule_words: 8192.
 - virtual_space_node_default_size: 8388608.
 - enlarge_chunks_in_place: 1.
 - use_allocation_guard: 0.


Internal statistics:

num_allocs_failed_limit: 8.
num_arena_births: 790.
num_arena_deaths: 16.
num_vsnodes_births: 2.
num_vsnodes_deaths: 0.
num_space_committed: 610.
num_space_uncommitted: 0.
num_chunks_returned_to_freelist: 25.
num_chunks_taken_from_freelist: 2450.
num_chunk_merges: 13.
num_chunk_splits: 1521.
num_chunks_enlarged: 888.
num_inconsistent_stats: 0.

CodeHeap 'non-profiled nmethods': size=120000Kb used=1744Kb max_used=1984Kb free=118255Kb
 bounds [0x00000271d4720000, 0x00000271d4990000, 0x00000271dbc50000]
CodeHeap 'profiled nmethods': size=120000Kb used=8906Kb max_used=9380Kb free=111093Kb
 bounds [0x00000271ccc50000, 0x00000271cd580000, 0x00000271d4180000]
CodeHeap 'non-nmethods': size=5760Kb used=1362Kb max_used=1384Kb free=4397Kb
 bounds [0x00000271d4180000, 0x00000271d43f0000, 0x00000271d4720000]
CodeCache: size=245760Kb, used=12012Kb, max_used=12748Kb, free=233745Kb
 total_blobs=5111, nmethods=4453, adapters=564, full_count=0
Compilation: enabled, stopped_count=0, restarted_count=0

Compilation events (20 events):
Event: 10.141 Thread 0x00000271c9b0ce70 nmethod 4934 0x00000271d47c0410 code [0x00000271d47c05a0, 0x00000271d47c0668]
Event: 10.141 Thread 0x00000271c9b0ce70 4944       1       java.time.LocalDateTime::toLocalTime (5 bytes)
Event: 10.141 Thread 0x00000271c9b0ce70 nmethod 4944 0x00000271d47c0110 code [0x00000271d47c02a0, 0x00000271d47c0370]
Event: 10.141 Thread 0x00000271c9b0ce70 4942       1       java.io.StringWriter::getBuffer (5 bytes)
Event: 10.141 Thread 0x00000271c9b0ce70 nmethod 4942 0x00000271d47bfe10 code [0x00000271d47bffa0, 0x00000271d47c0070]
Event: 10.141 Thread 0x00000271c9b0ce70 4946       1       org.eclipse.jdt.ls.core.internal.LogReader$LogEntry::setSession (6 bytes)
Event: 10.141 Thread 0x00000271c9b0ce70 nmethod 4946 0x00000271d47bfb10 code [0x00000271d47bfca0, 0x00000271d47bfd88]
Event: 10.141 Thread 0x00000271c9b0ce70 4945       1       java.time.ZonedDateTime::getOffset (5 bytes)
Event: 10.141 Thread 0x00000271c9b0ce70 nmethod 4945 0x00000271d47bf810 code [0x00000271d47bf9a0, 0x00000271d47bfa70]
Event: 10.142 Thread 0x00000271c9b0ce70 4953       2       jdk.internal.jrtfs.JrtDirectoryStream$1::next (5 bytes)
Event: 10.143 Thread 0x00000271c9b0ce70 nmethod 4953 0x00000271cce44a10 code [0x00000271cce44bc0, 0x00000271cce44ce8]
Event: 10.143 Thread 0x00000271c9b0ce70 4954       2       java.time.temporal.ChronoField::isTimeBased (19 bytes)
Event: 10.143 Thread 0x00000271c9b0ce70 nmethod 4954 0x00000271cce44690 code [0x00000271cce44820, 0x00000271cce44938]
Event: 10.143 Thread 0x00000271c9b0ce70 4955       2       java.util.Date::getMillisOf (55 bytes)
Event: 10.144 Thread 0x00000271c9b0ce70 nmethod 4955 0x00000271cce43f90 code [0x00000271cce44180, 0x00000271cce444b0]
Event: 10.144 Thread 0x00000271c9b0ce70 4956       2       org.eclipse.jdt.ls.core.internal.LogReader$LogEntry::appendToken (21 bytes)
Event: 10.144 Thread 0x00000271c9b0ce70 nmethod 4956 0x00000271cce43b10 code [0x00000271cce43cc0, 0x00000271cce43e48]
Event: 10.144 Thread 0x00000271c9b0ce70 4957   !   2       java.time.format.Parsed::crossCheck (178 bytes)
Event: 10.145 Thread 0x00000271c9b0ce70 nmethod 4957 0x00000271cce42790 code [0x00000271cce42ae0, 0x00000271cce434b0]
Event: 10.145 Thread 0x00000271c9b0ce70 4958       2       java.time.format.Parsed::getLong (130 bytes)

GC Heap History (20 events):
Event: 7.990 GC heap before
{Heap before GC invocations=7 (full 0):
 PSYoungGen      total 30208K, used 26026K [0x0000000755580000, 0x0000000757900000, 0x0000000800000000)
  eden space 24576K, 84% used [0x0000000755580000,0x00000007569d4010,0x0000000756d80000)
  from space 5632K, 92% used [0x0000000757380000,0x0000000757896bc8,0x0000000757900000)
  to   space 5632K, 0% used [0x0000000756e00000,0x0000000756e00000,0x0000000757380000)
 ParOldGen       total 68608K, used 7891K [0x0000000600000000, 0x0000000604300000, 0x0000000755580000)
  object space 68608K, 11% used [0x0000000600000000,0x00000006007b4c98,0x0000000604300000)
 Metaspace       used 20774K, committed 21504K, reserved 1114112K
  class space    used 2211K, committed 2560K, reserved 1048576K
}
Event: 7.994 GC heap after
{Heap after GC invocations=7 (full 0):
 PSYoungGen      total 29184K, used 4316K [0x0000000755580000, 0x0000000757780000, 0x0000000800000000)
  eden space 24576K, 0% used [0x0000000755580000,0x0000000755580000,0x0000000756d80000)
  from space 4608K, 93% used [0x0000000756e00000,0x0000000757237050,0x0000000757280000)
  to   space 5120K, 0% used [0x0000000757280000,0x0000000757280000,0x0000000757780000)
 ParOldGen       total 68608K, used 9470K [0x0000000600000000, 0x0000000604300000, 0x0000000755580000)
  object space 68608K, 13% used [0x0000000600000000,0x000000060093f950,0x0000000604300000)
 Metaspace       used 20774K, committed 21504K, reserved 1114112K
  class space    used 2211K, committed 2560K, reserved 1048576K
}
Event: 7.994 GC heap before
{Heap before GC invocations=8 (full 1):
 PSYoungGen      total 29184K, used 4316K [0x0000000755580000, 0x0000000757780000, 0x0000000800000000)
  eden space 24576K, 0% used [0x0000000755580000,0x0000000755580000,0x0000000756d80000)
  from space 4608K, 93% used [0x0000000756e00000,0x0000000757237050,0x0000000757280000)
  to   space 5120K, 0% used [0x0000000757280000,0x0000000757280000,0x0000000757780000)
 ParOldGen       total 68608K, used 9470K [0x0000000600000000, 0x0000000604300000, 0x0000000755580000)
  object space 68608K, 13% used [0x0000000600000000,0x000000060093f950,0x0000000604300000)
 Metaspace       used 20774K, committed 21504K, reserved 1114112K
  class space    used 2211K, committed 2560K, reserved 1048576K
}
Event: 8.024 GC heap after
{Heap after GC invocations=8 (full 1):
 PSYoungGen      total 29184K, used 0K [0x0000000755580000, 0x0000000757780000, 0x0000000800000000)
  eden space 24576K, 0% used [0x0000000755580000,0x0000000755580000,0x0000000756d80000)
  from space 4608K, 0% used [0x0000000756e00000,0x0000000756e00000,0x0000000757280000)
  to   space 5120K, 0% used [0x0000000757280000,0x0000000757280000,0x0000000757780000)
 ParOldGen       total 68608K, used 13109K [0x0000000600000000, 0x0000000604300000, 0x0000000755580000)
  object space 68608K, 19% used [0x0000000600000000,0x0000000600ccd4d0,0x0000000604300000)
 Metaspace       used 20761K, committed 21504K, reserved 1114112K
  class space    used 2207K, committed 2560K, reserved 1048576K
}
Event: 8.310 GC heap before
{Heap before GC invocations=9 (full 1):
 PSYoungGen      total 29184K, used 24576K [0x0000000755580000, 0x0000000757780000, 0x0000000800000000)
  eden space 24576K, 100% used [0x0000000755580000,0x0000000756d80000,0x0000000756d80000)
  from space 4608K, 0% used [0x0000000756e00000,0x0000000756e00000,0x0000000757280000)
  to   space 5120K, 0% used [0x0000000757280000,0x0000000757280000,0x0000000757780000)
 ParOldGen       total 68608K, used 13109K [0x0000000600000000, 0x0000000604300000, 0x0000000755580000)
  object space 68608K, 19% used [0x0000000600000000,0x0000000600ccd4d0,0x0000000604300000)
 Metaspace       used 23207K, committed 24000K, reserved 1114112K
  class space    used 2386K, committed 2752K, reserved 1048576K
}
Event: 8.311 GC heap after
{Heap after GC invocations=9 (full 1):
 PSYoungGen      total 25088K, used 775K [0x0000000755580000, 0x0000000757380000, 0x0000000800000000)
  eden space 24064K, 0% used [0x0000000755580000,0x0000000755580000,0x0000000756d00000)
  from space 1024K, 75% used [0x0000000757280000,0x0000000757341e98,0x0000000757380000)
  to   space 2560K, 0% used [0x0000000756e80000,0x0000000756e80000,0x0000000757100000)
 ParOldGen       total 68608K, used 13117K [0x0000000600000000, 0x0000000604300000, 0x0000000755580000)
  object space 68608K, 19% used [0x0000000600000000,0x0000000600ccf4d0,0x0000000604300000)
 Metaspace       used 23207K, committed 24000K, reserved 1114112K
  class space    used 2386K, committed 2752K, reserved 1048576K
}
Event: 8.684 GC heap before
{Heap before GC invocations=10 (full 1):
 PSYoungGen      total 25088K, used 24839K [0x0000000755580000, 0x0000000757380000, 0x0000000800000000)
  eden space 24064K, 100% used [0x0000000755580000,0x0000000756d00000,0x0000000756d00000)
  from space 1024K, 75% used [0x0000000757280000,0x0000000757341e98,0x0000000757380000)
  to   space 2560K, 0% used [0x0000000756e80000,0x0000000756e80000,0x0000000757100000)
 ParOldGen       total 68608K, used 13117K [0x0000000600000000, 0x0000000604300000, 0x0000000755580000)
  object space 68608K, 19% used [0x0000000600000000,0x0000000600ccf4d0,0x0000000604300000)
 Metaspace       used 26657K, committed 27456K, reserved 1114112K
  class space    used 2644K, committed 3008K, reserved 1048576K
}
Event: 8.685 GC heap after
{Heap after GC invocations=10 (full 1):
 PSYoungGen      total 26112K, used 2530K [0x0000000755580000, 0x0000000757300000, 0x0000000800000000)
  eden space 23552K, 0% used [0x0000000755580000,0x0000000755580000,0x0000000756c80000)
  from space 2560K, 98% used [0x0000000756e80000,0x00000007570f8860,0x0000000757100000)
  to   space 2048K, 0% used [0x0000000757100000,0x0000000757100000,0x0000000757300000)
 ParOldGen       total 68608K, used 13149K [0x0000000600000000, 0x0000000604300000, 0x0000000755580000)
  object space 68608K, 19% used [0x0000000600000000,0x0000000600cd74d0,0x0000000604300000)
 Metaspace       used 26657K, committed 27456K, reserved 1114112K
  class space    used 2644K, committed 3008K, reserved 1048576K
}
Event: 9.156 GC heap before
{Heap before GC invocations=11 (full 1):
 PSYoungGen      total 26112K, used 26051K [0x0000000755580000, 0x0000000757300000, 0x0000000800000000)
  eden space 23552K, 99% used [0x0000000755580000,0x0000000756c78668,0x0000000756c80000)
  from space 2560K, 98% used [0x0000000756e80000,0x00000007570f8860,0x0000000757100000)
  to   space 2048K, 0% used [0x0000000757100000,0x0000000757100000,0x0000000757300000)
 ParOldGen       total 68608K, used 13149K [0x0000000600000000, 0x0000000604300000, 0x0000000755580000)
  object space 68608K, 19% used [0x0000000600000000,0x0000000600cd74d0,0x0000000604300000)
 Metaspace       used 28431K, committed 29440K, reserved 1114112K
  class space    used 2816K, committed 3264K, reserved 1048576K
}
Event: 9.158 GC heap after
{Heap after GC invocations=11 (full 1):
 PSYoungGen      total 25088K, used 1937K [0x0000000755580000, 0x0000000757300000, 0x0000000800000000)
  eden space 23040K, 0% used [0x0000000755580000,0x0000000755580000,0x0000000756c00000)
  from space 2048K, 94% used [0x0000000757100000,0x00000007572e4660,0x0000000757300000)
  to   space 2560K, 0% used [0x0000000756e00000,0x0000000756e00000,0x0000000757080000)
 ParOldGen       total 68608K, used 14415K [0x0000000600000000, 0x0000000604300000, 0x0000000755580000)
  object space 68608K, 21% used [0x0000000600000000,0x0000000600e13e80,0x0000000604300000)
 Metaspace       used 28431K, committed 29440K, reserved 1114112K
  class space    used 2816K, committed 3264K, reserved 1048576K
}
Event: 9.432 GC heap before
{Heap before GC invocations=12 (full 1):
 PSYoungGen      total 25088K, used 24977K [0x0000000755580000, 0x0000000757300000, 0x0000000800000000)
  eden space 23040K, 100% used [0x0000000755580000,0x0000000756c00000,0x0000000756c00000)
  from space 2048K, 94% used [0x0000000757100000,0x00000007572e4660,0x0000000757300000)
  to   space 2560K, 0% used [0x0000000756e00000,0x0000000756e00000,0x0000000757080000)
 ParOldGen       total 68608K, used 14415K [0x0000000600000000, 0x0000000604300000, 0x0000000755580000)
  object space 68608K, 21% used [0x0000000600000000,0x0000000600e13e80,0x0000000604300000)
 Metaspace       used 31813K, committed 32768K, reserved 1114112K
  class space    used 3207K, committed 3648K, reserved 1048576K
}
Event: 9.435 GC heap after
{Heap after GC invocations=12 (full 1):
 PSYoungGen      total 24576K, used 1630K [0x0000000755580000, 0x0000000757180000, 0x0000000800000000)
  eden space 22528K, 0% used [0x0000000755580000,0x0000000755580000,0x0000000756b80000)
  from space 2048K, 79% used [0x0000000756e00000,0x0000000756f978e8,0x0000000757000000)
  to   space 1536K, 0% used [0x0000000757000000,0x0000000757000000,0x0000000757180000)
 ParOldGen       total 68608K, used 16125K [0x0000000600000000, 0x0000000604300000, 0x0000000755580000)
  object space 68608K, 23% used [0x0000000600000000,0x0000000600fbf618,0x0000000604300000)
 Metaspace       used 31813K, committed 32768K, reserved 1114112K
  class space    used 3207K, committed 3648K, reserved 1048576K
}
Event: 9.748 GC heap before
{Heap before GC invocations=13 (full 1):
 PSYoungGen      total 24576K, used 24158K [0x0000000755580000, 0x0000000757180000, 0x0000000800000000)
  eden space 22528K, 100% used [0x0000000755580000,0x0000000756b80000,0x0000000756b80000)
  from space 2048K, 79% used [0x0000000756e00000,0x0000000756f978e8,0x0000000757000000)
  to   space 1536K, 0% used [0x0000000757000000,0x0000000757000000,0x0000000757180000)
 ParOldGen       total 68608K, used 16125K [0x0000000600000000, 0x0000000604300000, 0x0000000755580000)
  object space 68608K, 23% used [0x0000000600000000,0x0000000600fbf618,0x0000000604300000)
 Metaspace       used 34574K, committed 35712K, reserved 1114112K
  class space    used 3589K, committed 4096K, reserved 1048576K
}
Event: 9.751 GC heap after
{Heap after GC invocations=13 (full 1):
 PSYoungGen      total 23552K, used 1531K [0x0000000755580000, 0x0000000757200000, 0x0000000800000000)
  eden space 22016K, 0% used [0x0000000755580000,0x0000000755580000,0x0000000756b00000)
  from space 1536K, 99% used [0x0000000757000000,0x000000075717ed78,0x0000000757180000)
  to   space 3584K, 0% used [0x0000000756b00000,0x0000000756b00000,0x0000000756e80000)
 ParOldGen       total 68608K, used 17519K [0x0000000600000000, 0x0000000604300000, 0x0000000755580000)
  object space 68608K, 25% used [0x0000000600000000,0x000000060111be68,0x0000000604300000)
 Metaspace       used 34574K, committed 35712K, reserved 1114112K
  class space    used 3589K, committed 4096K, reserved 1048576K
}
Event: 9.778 GC heap before
{Heap before GC invocations=14 (full 1):
 PSYoungGen      total 23552K, used 2974K [0x0000000755580000, 0x0000000757200000, 0x0000000800000000)
  eden space 22016K, 6% used [0x0000000755580000,0x00000007556e8ac8,0x0000000756b00000)
  from space 1536K, 99% used [0x0000000757000000,0x000000075717ed78,0x0000000757180000)
  to   space 3584K, 0% used [0x0000000756b00000,0x0000000756b00000,0x0000000756e80000)
 ParOldGen       total 68608K, used 17519K [0x0000000600000000, 0x0000000604300000, 0x0000000755580000)
  object space 68608K, 25% used [0x0000000600000000,0x000000060111be68,0x0000000604300000)
 Metaspace       used 34714K, committed 35840K, reserved 1114112K
  class space    used 3605K, committed 4096K, reserved 1048576K
}
Event: 9.780 GC heap after
{Heap after GC invocations=14 (full 1):
 PSYoungGen      total 25600K, used 320K [0x0000000755580000, 0x0000000757080000, 0x0000000800000000)
  eden space 22016K, 0% used [0x0000000755580000,0x0000000755580000,0x0000000756b00000)
  from space 3584K, 8% used [0x0000000756b00000,0x0000000756b50000,0x0000000756e80000)
  to   space 1536K, 0% used [0x0000000756f00000,0x0000000756f00000,0x0000000757080000)
 ParOldGen       total 68608K, used 18972K [0x0000000600000000, 0x0000000604300000, 0x0000000755580000)
  object space 68608K, 27% used [0x0000000600000000,0x0000000601287170,0x0000000604300000)
 Metaspace       used 34714K, committed 35840K, reserved 1114112K
  class space    used 3605K, committed 4096K, reserved 1048576K
}
Event: 9.780 GC heap before
{Heap before GC invocations=15 (full 2):
 PSYoungGen      total 25600K, used 320K [0x0000000755580000, 0x0000000757080000, 0x0000000800000000)
  eden space 22016K, 0% used [0x0000000755580000,0x0000000755580000,0x0000000756b00000)
  from space 3584K, 8% used [0x0000000756b00000,0x0000000756b50000,0x0000000756e80000)
  to   space 1536K, 0% used [0x0000000756f00000,0x0000000756f00000,0x0000000757080000)
 ParOldGen       total 68608K, used 18972K [0x0000000600000000, 0x0000000604300000, 0x0000000755580000)
  object space 68608K, 27% used [0x0000000600000000,0x0000000601287170,0x0000000604300000)
 Metaspace       used 34714K, committed 35840K, reserved 1114112K
  class space    used 3605K, committed 4096K, reserved 1048576K
}
Event: 9.821 GC heap after
{Heap after GC invocations=15 (full 2):
 PSYoungGen      total 25600K, used 0K [0x0000000755580000, 0x0000000757080000, 0x0000000800000000)
  eden space 22016K, 0% used [0x0000000755580000,0x0000000755580000,0x0000000756b00000)
  from space 3584K, 0% used [0x0000000756b00000,0x0000000756b00000,0x0000000756e80000)
  to   space 1536K, 0% used [0x0000000756f00000,0x0000000756f00000,0x0000000757080000)
 ParOldGen       total 68608K, used 18066K [0x0000000600000000, 0x0000000604300000, 0x0000000755580000)
  object space 68608K, 26% used [0x0000000600000000,0x00000006011a4a90,0x0000000604300000)
 Metaspace       used 34712K, committed 35840K, reserved 1114112K
  class space    used 3604K, committed 4096K, reserved 1048576K
}
Event: 10.003 GC heap before
{Heap before GC invocations=16 (full 2):
 PSYoungGen      total 25600K, used 22016K [0x0000000755580000, 0x0000000757080000, 0x0000000800000000)
  eden space 22016K, 100% used [0x0000000755580000,0x0000000756b00000,0x0000000756b00000)
  from space 3584K, 0% used [0x0000000756b00000,0x0000000756b00000,0x0000000756e80000)
  to   space 1536K, 0% used [0x0000000756f00000,0x0000000756f00000,0x0000000757080000)
 ParOldGen       total 68608K, used 18066K [0x0000000600000000, 0x0000000604300000, 0x0000000755580000)
  object space 68608K, 26% used [0x0000000600000000,0x00000006011a4a90,0x0000000604300000)
 Metaspace       used 36784K, committed 37952K, reserved 1114112K
  class space    used 3872K, committed 4416K, reserved 1048576K
}
Event: 10.005 GC heap after
{Heap after GC invocations=16 (full 2):
 PSYoungGen      total 23552K, used 1516K [0x0000000755580000, 0x0000000757100000, 0x0000000800000000)
  eden space 22016K, 0% used [0x0000000755580000,0x0000000755580000,0x0000000756b00000)
  from space 1536K, 98% used [0x0000000756f00000,0x000000075707b360,0x0000000757080000)
  to   space 3072K, 0% used [0x0000000756b00000,0x0000000756b00000,0x0000000756e00000)
 ParOldGen       total 68608K, used 18842K [0x0000000600000000, 0x0000000604300000, 0x0000000755580000)
  object space 68608K, 27% used [0x0000000600000000,0x0000000601266a90,0x0000000604300000)
 Metaspace       used 36784K, committed 37952K, reserved 1114112K
  class space    used 3872K, committed 4416K, reserved 1048576K
}

Dll operation events (20 events):
Event: 0.018 Attempting to load shared library c:\Users\Giavy\.vscode\extensions\redhat.java-1.56.0-win32-x64\jre\21.0.12.1-win32-x86_64\bin\java.dll
Event: 0.018 Loaded shared library c:\Users\Giavy\.vscode\extensions\redhat.java-1.56.0-win32-x64\jre\21.0.12.1-win32-x86_64\bin\java.dll
Event: 0.197 Attempting to load shared library c:\Users\Giavy\.vscode\extensions\redhat.java-1.56.0-win32-x64\jre\21.0.12.1-win32-x86_64\bin\zip.dll
Event: 0.198 Loaded shared library c:\Users\Giavy\.vscode\extensions\redhat.java-1.56.0-win32-x64\jre\21.0.12.1-win32-x86_64\bin\zip.dll
Event: 0.240 Attempting to load shared library C:\Users\Giavy\.vscode\extensions\redhat.java-1.56.0-win32-x64\jre\21.0.12.1-win32-x86_64\bin\instrument.dll
Event: 0.240 Loaded shared library C:\Users\Giavy\.vscode\extensions\redhat.java-1.56.0-win32-x64\jre\21.0.12.1-win32-x86_64\bin\instrument.dll
Event: 0.248 Attempting to load shared library C:\Users\Giavy\.vscode\extensions\redhat.java-1.56.0-win32-x64\jre\21.0.12.1-win32-x86_64\bin\net.dll
Event: 0.250 Loaded shared library C:\Users\Giavy\.vscode\extensions\redhat.java-1.56.0-win32-x64\jre\21.0.12.1-win32-x86_64\bin\net.dll
Event: 0.255 Attempting to load shared library C:\Users\Giavy\.vscode\extensions\redhat.java-1.56.0-win32-x64\jre\21.0.12.1-win32-x86_64\bin\nio.dll
Event: 0.256 Loaded shared library C:\Users\Giavy\.vscode\extensions\redhat.java-1.56.0-win32-x64\jre\21.0.12.1-win32-x86_64\bin\nio.dll
Event: 0.263 Attempting to load shared library C:\Users\Giavy\.vscode\extensions\redhat.java-1.56.0-win32-x64\jre\21.0.12.1-win32-x86_64\bin\zip.dll
Event: 0.263 Loaded shared library C:\Users\Giavy\.vscode\extensions\redhat.java-1.56.0-win32-x64\jre\21.0.12.1-win32-x86_64\bin\zip.dll
Event: 0.296 Attempting to load shared library C:\Users\Giavy\.vscode\extensions\redhat.java-1.56.0-win32-x64\jre\21.0.12.1-win32-x86_64\bin\jimage.dll
Event: 0.296 Loaded shared library C:\Users\Giavy\.vscode\extensions\redhat.java-1.56.0-win32-x64\jre\21.0.12.1-win32-x86_64\bin\jimage.dll
Event: 0.514 Attempting to load shared library c:\Users\Giavy\.vscode\extensions\redhat.java-1.56.0-win32-x64\jre\21.0.12.1-win32-x86_64\bin\verify.dll
Event: 0.514 Loaded shared library c:\Users\Giavy\.vscode\extensions\redhat.java-1.56.0-win32-x64\jre\21.0.12.1-win32-x86_64\bin\verify.dll
Event: 2.780 Attempting to load shared library C:\Users\Giavy\AppData\Roaming\Code\User\globalStorage\redhat.java\1.56.0\config_win\org.eclipse.equinox.launcher\org.eclipse.equinox.launcher.win32.win32.x86_64_1.3.100.v20260804-1928\eclipse_11924.dll
Event: 2.788 Loaded shared library C:\Users\Giavy\AppData\Roaming\Code\User\globalStorage\redhat.java\1.56.0\config_win\org.eclipse.equinox.launcher\org.eclipse.equinox.launcher.win32.win32.x86_64_1.3.100.v20260804-1928\eclipse_11924.dll
Event: 6.966 Attempting to load shared library C:\Users\Giavy\AppData\Local\Temp\jna-68795042\jna4020495981007550840.dll
Event: 7.048 Loaded shared library C:\Users\Giavy\AppData\Local\Temp\jna-68795042\jna4020495981007550840.dll

Deoptimization events (20 events):
Event: 10.006 Thread 0x00000271f5d6dbb0 DEOPT PACKING pc=0x00000271ccce0868 sp=0x000000bc6cbfd1c0
Event: 10.006 Thread 0x00000271f5d6dbb0 DEOPT UNPACKING pc=0x00000271d41d4242 sp=0x000000bc6cbfc668 mode 0
Event: 10.006 Thread 0x00000271f5d6dbb0 DEOPT PACKING pc=0x00000271ccd284e1 sp=0x000000bc6cbfd2f0
Event: 10.006 Thread 0x00000271f5d6dbb0 DEOPT UNPACKING pc=0x00000271d41d4242 sp=0x000000bc6cbfc7b0 mode 0
Event: 10.019 Thread 0x00000271f5d6dbb0 DEOPT PACKING pc=0x00000271ccd91cd6 sp=0x000000bc6cbfd3d0
Event: 10.019 Thread 0x00000271f5d6dbb0 DEOPT UNPACKING pc=0x00000271d41d4242 sp=0x000000bc6cbfc8b8 mode 0
Event: 10.060 Thread 0x00000271f5d6dbb0 DEOPT PACKING pc=0x00000271cd0bf79e sp=0x000000bc6cbfd360
Event: 10.060 Thread 0x00000271f5d6dbb0 DEOPT UNPACKING pc=0x00000271d41d4242 sp=0x000000bc6cbfc848 mode 0
Event: 10.103 Thread 0x00000271c9a4f0e0 Uncommon trap: trap_request=0xffffff45 fr.pc=0x00000271d486bb24 relative=0x00000000000000e4
Event: 10.103 Thread 0x00000271c9a4f0e0 Uncommon trap: reason=unstable_if action=reinterpret pc=0x00000271d486bb24 method=java.lang.CharacterDataLatin1.digit(II)I @ 7 c2
Event: 10.103 Thread 0x00000271c9a4f0e0 DEOPT PACKING pc=0x00000271d486bb24 sp=0x000000bc6abfe410
Event: 10.103 Thread 0x00000271c9a4f0e0 DEOPT UNPACKING pc=0x00000271d41d3aa2 sp=0x000000bc6abfe2d0 mode 2
Event: 10.103 Thread 0x00000271c9a4f0e0 Uncommon trap: trap_request=0xffffff45 fr.pc=0x00000271d475e148 relative=0x00000000000000a8
Event: 10.103 Thread 0x00000271c9a4f0e0 Uncommon trap: reason=unstable_if action=reinterpret pc=0x00000271d475e148 method=java.lang.CharacterDataLatin1.digit(II)I @ 7 c2
Event: 10.103 Thread 0x00000271c9a4f0e0 DEOPT PACKING pc=0x00000271d475e148 sp=0x000000bc6abfe370
Event: 10.103 Thread 0x00000271c9a4f0e0 DEOPT UNPACKING pc=0x00000271d41d3aa2 sp=0x000000bc6abfe2f0 mode 2
Event: 10.108 Thread 0x00000271c9a4f0e0 Uncommon trap: trap_request=0xffffff45 fr.pc=0x00000271d48d396c relative=0x000000000000072c
Event: 10.108 Thread 0x00000271c9a4f0e0 Uncommon trap: reason=unstable_if action=reinterpret pc=0x00000271d48d396c method=java.util.regex.Pattern$BmpCharPropertyGreedy.match(Ljava/util/regex/Matcher;ILjava/lang/CharSequence;)Z @ 12 c2
Event: 10.108 Thread 0x00000271c9a4f0e0 DEOPT PACKING pc=0x00000271d48d396c sp=0x000000bc6abfdd70
Event: 10.108 Thread 0x00000271c9a4f0e0 DEOPT UNPACKING pc=0x00000271d41d3aa2 sp=0x000000bc6abfdc38 mode 2

Classes loaded (20 events):
Event: 10.105 Loading class sun/util/locale/provider/CalendarNameProviderImpl done
Event: 10.105 Loading class sun/util/cldr/CLDRCalendarNameProviderImpl done
Event: 10.106 Loading class sun/util/locale/provider/BaseLocaleDataMetaInfo
Event: 10.106 Loading class sun/util/locale/provider/BaseLocaleDataMetaInfo done
Event: 10.108 Loading class sun/util/locale/provider/CalendarNameProviderImpl$LengthBasedComparator
Event: 10.108 Loading class sun/util/locale/provider/CalendarNameProviderImpl$LengthBasedComparator done
Event: 10.109 Loading class sun/nio/ch/PendingFuture
Event: 10.109 Loading class sun/nio/ch/PendingFuture done
Event: 10.109 Loading class sun/nio/ch/WindowsAsynchronousFileChannelImpl$ReadTask
Event: 10.110 Loading class sun/nio/ch/Iocp$ResultHandler
Event: 10.110 Loading class sun/nio/ch/Iocp$ResultHandler done
Event: 10.110 Loading class sun/nio/ch/WindowsAsynchronousFileChannelImpl$ReadTask done
Event: 10.110 Loading class java/io/PrintWriter$1
Event: 10.111 Loading class jdk/internal/access/JavaIOPrintWriterAccess
Event: 10.111 Loading class jdk/internal/access/JavaIOPrintWriterAccess done
Event: 10.111 Loading class java/io/PrintWriter$1 done
Event: 10.116 Loading class java/time/format/DateTimeParseContext
Event: 10.117 Loading class java/time/format/DateTimeParseContext done
Event: 10.117 Loading class java/time/format/Parsed
Event: 10.118 Loading class java/time/format/Parsed done

Classes unloaded (8 events):
Event: 7.999 Thread 0x00000271ef840d70 Unloading class 0x00000271811a4000 'java/lang/invoke/LambdaForm$MH+0x00000271811a4000'
Event: 7.999 Thread 0x00000271ef840d70 Unloading class 0x00000271811a3c00 'java/lang/invoke/LambdaForm$MH+0x00000271811a3c00'
Event: 7.999 Thread 0x00000271ef840d70 Unloading class 0x00000271811a3800 'java/lang/invoke/LambdaForm$MH+0x00000271811a3800'
Event: 7.999 Thread 0x00000271ef840d70 Unloading class 0x00000271811a3400 'java/lang/invoke/LambdaForm$MH+0x00000271811a3400'
Event: 7.999 Thread 0x00000271ef840d70 Unloading class 0x00000271811a3000 'java/lang/invoke/LambdaForm$BMH+0x00000271811a3000'
Event: 7.999 Thread 0x00000271ef840d70 Unloading class 0x00000271811a2c00 'java/lang/invoke/LambdaForm$DMH+0x00000271811a2c00'
Event: 7.999 Thread 0x00000271ef840d70 Unloading class 0x00000271811a1800 'java/lang/invoke/LambdaForm$DMH+0x00000271811a1800'
Event: 9.786 Thread 0x00000271ef840d70 Unloading class 0x0000027181323000 'java/lang/invoke/LambdaForm$MH+0x0000027181323000'

Classes redefined (0 events):
No events

Internal exceptions (20 events):
Event: 9.410 Thread 0x00000271f5d6dbb0 Exception <a 'sun/nio/fs/WindowsException'{0x0000000756a53b40}> (0x0000000756a53b40) 
thrown [s\src\hotspot\share\prims\jni.cpp, line 520]
Event: 9.413 Thread 0x00000271f5d6dbb0 Exception <a 'java/lang/NoSuchMethodError'{0x0000000756ad84c0}: 'void java.lang.invoke.DirectMethodHandle$Holder.invokeVirtual(java.lang.Object, java.lang.Object, java.lang.Object, java.lang.Object)'> (0x0000000756ad84c0) 
thrown [s\src\hotspot\share\interpreter\linkResolver.cpp, line 773]
Event: 9.474 Thread 0x00000271f0e170a0 Exception <a 'java/io/FileNotFoundException'{0x00000007557f4530}> (0x00000007557f4530) 
thrown [s\src\hotspot\share\prims\jni.cpp, line 520]
Event: 9.496 Thread 0x00000271f0e170a0 Exception <a 'java/lang/UnsatisfiedLinkError'{0x0000000755a161b0}: The specified procedure could not be found.
> (0x0000000755a161b0) 
thrown [s\src\hotspot\share\prims\jni.cpp, line 539]
Event: 9.501 Thread 0x00000271f0e170a0 Exception <a 'java/io/FileNotFoundException'{0x0000000755a7e570}> (0x0000000755a7e570) 
thrown [s\src\hotspot\share\prims\jni.cpp, line 520]
Event: 9.511 Thread 0x00000271f0e170a0 Exception <a 'java/io/FileNotFoundException'{0x0000000755b6ec80}> (0x0000000755b6ec80) 
thrown [s\src\hotspot\share\prims\jni.cpp, line 520]
Event: 9.516 Thread 0x00000271f0e170a0 Exception <a 'java/lang/UnsatisfiedLinkError'{0x0000000755c268d0}: The specified procedure could not be found.
> (0x0000000755c268d0) 
thrown [s\src\hotspot\share\prims\jni.cpp, line 539]
Event: 9.630 Thread 0x00000271f5d6fc80 Exception <a 'java/lang/NoSuchMethodError'{0x00000007564166c8}: 'void java.lang.invoke.DirectMethodHandle$Holder.invokeStaticInit(java.lang.Object, java.lang.Object, java.lang.Object, java.lang.Object)'> (0x00000007564166c8) 
thrown [s\src\hotspot\share\interpreter\linkResolver.cpp, line 773]
Event: 9.630 Thread 0x00000271c9a4f0e0 Exception <a 'java/lang/NoSuchMethodError'{0x0000000756410f70}: 'java.lang.Object java.lang.invoke.DirectMethodHandle$Holder.invokeStatic(java.lang.Object, long, java.lang.Object)'> (0x0000000756410f70) 
thrown [s\src\hotspot\share\interpreter\linkResolver.cpp, line 773]
Event: 9.633 Thread 0x00000271c9a4f0e0 Exception <a 'java/lang/NoSuchMethodError'{0x00000007564312a8}: 'java.lang.Object java.lang.invoke.DirectMethodHandle$Holder.invokeStaticInit(java.lang.Object, long, java.lang.Object)'> (0x00000007564312a8) 
thrown [s\src\hotspot\share\interpreter\linkResolver.cpp, line 773]
Event: 9.639 Thread 0x00000271c9a4f0e0 Exception <a 'java/lang/NoSuchMethodError'{0x000000075644f460}: 'java.lang.Object java.lang.invoke.DirectMethodHandle$Holder.newInvokeSpecial(java.lang.Object, long)'> (0x000000075644f460) 
thrown [s\src\hotspot\share\interpreter\linkResolver.cpp, line 773]
Event: 9.761 Thread 0x00000271f5d6dbb0 Exception <a 'java/io/FileNotFoundException'{0x000000075567bcb0}> (0x000000075567bcb0) 
thrown [s\src\hotspot\share\prims\jni.cpp, line 520]
Event: 9.761 Thread 0x00000271f5d6dbb0 Exception <a 'java/io/FileNotFoundException'{0x000000075567cf78}> (0x000000075567cf78) 
thrown [s\src\hotspot\share\prims\jni.cpp, line 520]
Event: 9.762 Thread 0x00000271f5d6dbb0 Exception <a 'java/io/FileNotFoundException'{0x000000075567df90}> (0x000000075567df90) 
thrown [s\src\hotspot\share\prims\jni.cpp, line 520]
Event: 9.865 Thread 0x00000271f5d6f5f0 Exception <a 'java/lang/NoClassDefFoundError'{0x0000000755b24998}: javax/enterprise/inject/Typed> (0x0000000755b24998) 
thrown [s\src\hotspot\share\classfile\systemDictionary.cpp, line 302]
Event: 9.905 Thread 0x00000271f5d6dbb0 Exception <a 'java/lang/NoSuchMethodError'{0x0000000755f18e00}: 'long java.lang.invoke.DirectMethodHandle$Holder.invokeStatic(java.lang.Object, java.lang.Object, int)'> (0x0000000755f18e00) 
thrown [s\src\hotspot\share\interpreter\linkResolver.cpp, line 773]
Event: 9.907 Thread 0x00000271f5d6dbb0 Exception <a 'java/lang/NoSuchMethodError'{0x000000075605eca8}: 'java.lang.Object java.lang.invoke.DelegatingMethodHandle$Holder.reinvoke_L(java.lang.Object, int, long, java.lang.Object, java.lang.Object, int, java.lang.Object)'> (0x000000075605eca8) 
thrown [s\src\hotspot\share\interpreter\linkResolver.cpp, line 773]
Event: 10.061 Thread 0x00000271c9a4f0e0 Exception <a 'java/lang/NoSuchMethodError'{0x0000000755d31410}: 'void java.lang.invoke.DirectMethodHandle$Holder.invokeSpecial(java.lang.Object, java.lang.Object, java.lang.Object, java.lang.Object, java.lang.Object, java.lang.Object)'> (0x0000000755d31410) 
thrown [s\src\hotspot\share\interpreter\linkResolver.cpp, line 773]
Event: 10.062 Thread 0x00000271c9a4f0e0 Exception <a 'java/lang/IncompatibleClassChangeError'{0x0000000755d38ca0}: Found class java.lang.Object, but interface was expected> (0x0000000755d38ca0) 
thrown [s\src\hotspot\share\interpreter\linkResolver.cpp, line 840]
Event: 10.063 Thread 0x00000271c9a4f0e0 Exception <a 'java/lang/IncompatibleClassChangeError'{0x0000000755d39e58}: Found class java.lang.Object, but interface was expected> (0x0000000755d39e58) 
thrown [s\src\hotspot\share\interpreter\linkResolver.cpp, line 840]

ZGC Phase Switch (0 events):
No events

VM Operations (20 events):
Event: 9.179 Executing non-safepoint VM operation: HandshakeAllThreads (Deoptimize)
Event: 9.179 Executing non-safepoint VM operation: HandshakeAllThreads (Deoptimize) done
Event: 9.396 Executing non-safepoint VM operation: HandshakeAllThreads (Deoptimize)
Event: 9.396 Executing non-safepoint VM operation: HandshakeAllThreads (Deoptimize) done
Event: 9.432 Executing safepoint VM operation: ParallelGCFailedAllocation (Allocation Failure)
Event: 9.435 Executing safepoint VM operation: ParallelGCFailedAllocation (Allocation Failure) done
Event: 9.702 Executing safepoint VM operation: ParallelGCFailedAllocation (Allocation Failure)
Event: 9.751 Executing safepoint VM operation: ParallelGCFailedAllocation (Allocation Failure) done
Event: 9.767 Executing safepoint VM operation: CollectForMetadataAllocation (Metadata GC Threshold)
Event: 9.822 Executing safepoint VM operation: CollectForMetadataAllocation (Metadata GC Threshold) done
Event: 9.845 Executing non-safepoint VM operation: HandshakeAllThreads (Deoptimize)
Event: 9.845 Executing non-safepoint VM operation: HandshakeAllThreads (Deoptimize) done
Event: 9.874 Executing non-safepoint VM operation: HandshakeAllThreads (Deoptimize)
Event: 9.874 Executing non-safepoint VM operation: HandshakeAllThreads (Deoptimize) done
Event: 9.930 Executing non-safepoint VM operation: HandshakeAllThreads (Deoptimize)
Event: 9.930 Executing non-safepoint VM operation: HandshakeAllThreads (Deoptimize) done
Event: 10.003 Executing safepoint VM operation: ParallelGCFailedAllocation (Allocation Failure)
Event: 10.005 Executing safepoint VM operation: ParallelGCFailedAllocation (Allocation Failure) done
Event: 10.066 Executing non-safepoint VM operation: HandshakeAllThreads (Deoptimize)
Event: 10.073 Executing non-safepoint VM operation: HandshakeAllThreads (Deoptimize) done

Memory protections (0 events):
No events

Nmethod flushes (20 events):
Event: 9.798 Thread 0x00000271ef840d70 flushing  nmethod 0x00000271cd246790
Event: 9.798 Thread 0x00000271ef840d70 flushing  nmethod 0x00000271cd269690
Event: 9.798 Thread 0x00000271ef840d70 flushing  nmethod 0x00000271cd28ed10
Event: 9.798 Thread 0x00000271ef840d70 flushing  nmethod 0x00000271cd2cb110
Event: 9.798 Thread 0x00000271ef840d70 flushing  nmethod 0x00000271cd2cca10
Event: 9.798 Thread 0x00000271ef840d70 flushing  nmethod 0x00000271cd2cd310
Event: 9.798 Thread 0x00000271ef840d70 flushing  nmethod 0x00000271cd2ce510
Event: 9.798 Thread 0x00000271ef840d70 flushing  nmethod 0x00000271cd2ced10
Event: 9.798 Thread 0x00000271ef840d70 flushing  nmethod 0x00000271cd2d0a10
Event: 9.798 Thread 0x00000271ef840d70 flushing  nmethod 0x00000271cd2d0f10
Event: 9.798 Thread 0x00000271ef840d70 flushing  nmethod 0x00000271cd2d1410
Event: 9.798 Thread 0x00000271ef840d70 flushing  nmethod 0x00000271cd2d1810
Event: 9.798 Thread 0x00000271ef840d70 flushing  nmethod 0x00000271cd2d2390
Event: 9.798 Thread 0x00000271ef840d70 flushing  nmethod 0x00000271cd2d2c10
Event: 9.798 Thread 0x00000271ef840d70 flushing  nmethod 0x00000271cd2d4710
Event: 9.798 Thread 0x00000271ef840d70 flushing  nmethod 0x00000271cd2d5090
Event: 9.798 Thread 0x00000271ef840d70 flushing  nmethod 0x00000271cd2d5990
Event: 9.798 Thread 0x00000271ef840d70 flushing  nmethod 0x00000271cd326810
Event: 9.798 Thread 0x00000271ef840d70 flushing  nmethod 0x00000271cd32a310
Event: 9.798 Thread 0x00000271ef840d70 flushing  nmethod 0x00000271cd37ba10

Events (20 events):
Event: 9.132 Thread 0x00000271f0e170a0 Thread added: 0x00000271f5d6e240
Event: 9.133 Thread 0x00000271f5d6fc80 Thread added: 0x00000271f5d6c800
Event: 9.625 Thread 0x00000271f5d6c800 Thread added: 0x00000271f5d6e8d0
Event: 9.660 Thread 0x00000271c9a4f0e0 Thread added: 0x00000271f5d70310
Event: 9.664 Thread 0x00000271f5d6e8d0 Thread added: 0x00000271f5d6d520
Event: 9.668 Thread 0x00000271c9a4f0e0 Thread added: 0x00000271f5d6ce90
Event: 9.669 Thread 0x00000271c9a4f0e0 Thread added: 0x00000271f5d71d50
Event: 9.669 Thread 0x00000271c9a4f0e0 Thread added: 0x00000271f5d716c0
Event: 9.669 Thread 0x00000271c9a4f0e0 Thread added: 0x00000271f5d709a0
Event: 9.669 Thread 0x00000271c9a4f0e0 Thread added: 0x00000271f5d71030
Event: 9.670 Thread 0x00000271c9a4f0e0 Thread added: 0x00000271f5d723e0
Event: 9.670 Thread 0x00000271c9a4f0e0 Thread added: 0x00000271f5d6ef60
Event: 9.670 Thread 0x00000271c9a4f0e0 Thread added: 0x00000271f5d73100
Event: 9.670 Thread 0x00000271c9a4f0e0 Thread added: 0x00000271f5d72a70
Event: 9.671 Thread 0x00000271c9a4f0e0 Thread added: 0x00000271f5d73790
Event: 9.671 Thread 0x00000271c9a4f0e0 Thread added: 0x00000271f6f23110
Event: 9.671 Thread 0x00000271c9a4f0e0 Thread added: 0x00000271f6f209b0
Event: 9.822 Thread 0x00000271c9a4f0e0 Thread added: 0x00000271f6f21040
Event: 10.100 Thread 0x00000271c9a4f0e0 Thread added: 0x00000271f6f216d0
Event: 10.100 Thread 0x00000271c9a4f0e0 Thread added: 0x00000271f6f22a80


Dynamic libraries:
0x00007ff77c980000 - 0x00007ff77c98e000 	c:\Users\Giavy\.vscode\extensions\redhat.java-1.56.0-win32-x64\jre\21.0.12.1-win32-x86_64\bin\java.exe
0x00007fff84560000 - 0x00007fff847c7000 	C:\WINDOWS\SYSTEM32\ntdll.dll
0x00007fff83680000 - 0x00007fff8374b000 	C:\WINDOWS\System32\KERNEL32.DLL
0x00007fff81760000 - 0x00007fff81b62000 	C:\WINDOWS\System32\KERNELBASE.dll
0x00007fff81f60000 - 0x00007fff820ac000 	C:\WINDOWS\System32\ucrtbase.dll
0x00007fff508f0000 - 0x00007fff5090e000 	c:\Users\Giavy\.vscode\extensions\redhat.java-1.56.0-win32-x64\jre\21.0.12.1-win32-x86_64\bin\VCRUNTIME140.dll
0x00007fff501b0000 - 0x00007fff501c8000 	c:\Users\Giavy\.vscode\extensions\redhat.java-1.56.0-win32-x64\jre\21.0.12.1-win32-x86_64\bin\jli.dll
0x00007fff82280000 - 0x00007fff8244f000 	C:\WINDOWS\System32\USER32.dll
0x00007fff820c0000 - 0x00007fff820e7000 	C:\WINDOWS\System32\win32u.dll
0x00007fff844a0000 - 0x00007fff844cb000 	C:\WINDOWS\System32\GDI32.dll
0x00007fff6b340000 - 0x00007fff6b5d0000 	C:\WINDOWS\WinSxS\amd64_microsoft.windows.common-controls_6595b64144ccf1df_6.0.26100.9278_none_3e0d1ba8e3303201\COMCTL32.dll
0x00007fff81b70000 - 0x00007fff81c99000 	C:\WINDOWS\System32\gdi32full.dll
0x00007fff81d60000 - 0x00007fff81e03000 	C:\WINDOWS\System32\msvcp_win.dll
0x00007fff837a0000 - 0x00007fff83849000 	C:\WINDOWS\System32\msvcrt.dll
0x00007fff83750000 - 0x00007fff83781000 	C:\WINDOWS\System32\IMM32.DLL
0x00007fff80d70000 - 0x00007fff80d7c000 	c:\Users\Giavy\.vscode\extensions\redhat.java-1.56.0-win32-x64\jre\21.0.12.1-win32-x86_64\bin\vcruntime140_1.dll
0x00007fff42ea0000 - 0x00007fff42f2d000 	c:\Users\Giavy\.vscode\extensions\redhat.java-1.56.0-win32-x64\jre\21.0.12.1-win32-x86_64\bin\msvcp140.dll
0x00007ffeb3e90000 - 0x00007ffeb4c32000 	c:\Users\Giavy\.vscode\extensions\redhat.java-1.56.0-win32-x64\jre\21.0.12.1-win32-x86_64\bin\server\jvm.dll
0x00007fff829a0000 - 0x00007fff82a5c000 	C:\WINDOWS\System32\ADVAPI32.dll
0x00007fff828f0000 - 0x00007fff82999000 	C:\WINDOWS\System32\sechost.dll
0x00007fff83e90000 - 0x00007fff83fa8000 	C:\WINDOWS\System32\RPCRT4.dll
0x00007fff83fb0000 - 0x00007fff84030000 	C:\WINDOWS\System32\WS2_32.dll
0x00007fff74670000 - 0x00007fff746a6000 	C:\WINDOWS\SYSTEM32\WINMM.dll
0x00007fff815c0000 - 0x00007fff8161e000 	C:\WINDOWS\SYSTEM32\POWRPROF.dll
0x00007fff659e0000 - 0x00007fff659eb000 	C:\WINDOWS\SYSTEM32\VERSION.dll
0x00007fff815a0000 - 0x00007fff815b5000 	C:\WINDOWS\SYSTEM32\UMPDC.dll
0x00007fff7ff40000 - 0x00007fff7ff5b000 	C:\WINDOWS\SYSTEM32\kernel.appcore.dll
0x00007fff80a90000 - 0x00007fff80a9a000 	c:\Users\Giavy\.vscode\extensions\redhat.java-1.56.0-win32-x64\jre\21.0.12.1-win32-x86_64\bin\jimage.dll
0x00007fff7e940000 - 0x00007fff7eb8c000 	C:\WINDOWS\SYSTEM32\DBGHELP.DLL
0x00007fff832c0000 - 0x00007fff83645000 	C:\WINDOWS\System32\combase.dll
0x00007fff83a00000 - 0x00007fff83ad9000 	C:\WINDOWS\System32\OLEAUT32.dll
0x00007fff66170000 - 0x00007fff661ab000 	C:\WINDOWS\SYSTEM32\dbgcore.DLL
0x00007fff81e10000 - 0x00007fff81ebc000 	C:\WINDOWS\System32\bcryptPrimitives.dll
0x00007fff76e90000 - 0x00007fff76e9f000 	c:\Users\Giavy\.vscode\extensions\redhat.java-1.56.0-win32-x64\jre\21.0.12.1-win32-x86_64\bin\instrument.dll
0x00007fff4e320000 - 0x00007fff4e340000 	c:\Users\Giavy\.vscode\extensions\redhat.java-1.56.0-win32-x64\jre\21.0.12.1-win32-x86_64\bin\java.dll
0x00007fff82af0000 - 0x00007fff83288000 	C:\WINDOWS\System32\SHELL32.dll
0x00007fff7eca0000 - 0x00007fff7f54e000 	C:\WINDOWS\SYSTEM32\windows.storage.dll
0x00007fff838e0000 - 0x00007fff839db000 	C:\WINDOWS\System32\SHCORE.dll
0x00007fff84040000 - 0x00007fff840a6000 	C:\WINDOWS\System32\shlwapi.dll
0x00007fff81680000 - 0x00007fff816a9000 	C:\WINDOWS\SYSTEM32\profapi.dll
0x00007fff4de60000 - 0x00007fff4de78000 	c:\Users\Giavy\.vscode\extensions\redhat.java-1.56.0-win32-x64\jre\21.0.12.1-win32-x86_64\bin\zip.dll
0x00007fff6c870000 - 0x00007fff6c880000 	C:\Users\Giavy\.vscode\extensions\redhat.java-1.56.0-win32-x64\jre\21.0.12.1-win32-x86_64\bin\net.dll
0x00007fff77ce0000 - 0x00007fff77e0a000 	C:\WINDOWS\SYSTEM32\WINHTTP.dll
0x00007fff80500000 - 0x00007fff8056c000 	C:\WINDOWS\system32\mswsock.dll
0x00007fff4de40000 - 0x00007fff4de56000 	C:\Users\Giavy\.vscode\extensions\redhat.java-1.56.0-win32-x64\jre\21.0.12.1-win32-x86_64\bin\nio.dll
0x00007fff6c830000 - 0x00007fff6c840000 	c:\Users\Giavy\.vscode\extensions\redhat.java-1.56.0-win32-x64\jre\21.0.12.1-win32-x86_64\bin\verify.dll
0x00007fff46b30000 - 0x00007fff46b75000 	C:\Users\Giavy\AppData\Roaming\Code\User\globalStorage\redhat.java\1.56.0\config_win\org.eclipse.equinox.launcher\org.eclipse.equinox.launcher.win32.win32.x86_64_1.3.100.v20260804-1928\eclipse_11924.dll
0x00007fff84240000 - 0x00007fff843da000 	C:\WINDOWS\System32\ole32.dll
0x00007fff807f0000 - 0x00007fff8080b000 	C:\WINDOWS\SYSTEM32\CRYPTSP.dll
0x00007fff7fea0000 - 0x00007fff7fed9000 	C:\WINDOWS\system32\rsaenh.dll
0x00007fff805b0000 - 0x00007fff805e4000 	C:\WINDOWS\SYSTEM32\USERENV.dll
0x00007fff81650000 - 0x00007fff8167a000 	C:\WINDOWS\SYSTEM32\bcrypt.dll
0x00007fff80810000 - 0x00007fff8081c000 	C:\WINDOWS\SYSTEM32\CRYPTBASE.dll
0x00007fff7f920000 - 0x00007fff7f953000 	C:\WINDOWS\SYSTEM32\IPHLPAPI.DLL
0x00007fff83670000 - 0x00007fff8367a000 	C:\WINDOWS\System32\NSI.dll
0x00007fff23b20000 - 0x00007fff23b69000 	C:\Users\Giavy\AppData\Local\Temp\jna-68795042\jna4020495981007550840.dll
0x00007fff83ae0000 - 0x00007fff83ae8000 	C:\WINDOWS\System32\PSAPI.DLL
0x00007fff77f40000 - 0x00007fff77f5d000 	C:\WINDOWS\SYSTEM32\dhcpcsvc6.DLL
0x00007fff77e70000 - 0x00007fff77e95000 	C:\WINDOWS\SYSTEM32\dhcpcsvc.DLL

JVMTI agents:
c:\Users\Giavy\.vscode\extensions\redhat.java-1.56.0-win32-x64\lombok\lombok-1.18.39-4050.jar path:c:\Users\Giavy\.vscode\extensions\redhat.java-1.56.0-win32-x64\jre\21.0.12.1-win32-x86_64\bin\instrument.dll, loaded, initialized, instrumentlib options:none

dbghelp: loaded successfully - version: 4.0.5 - missing functions: none
symbol engine: initialized successfully - sym options: 0x614 - pdb path: .;c:\Users\Giavy\.vscode\extensions\redhat.java-1.56.0-win32-x64\jre\21.0.12.1-win32-x86_64\bin;C:\WINDOWS\SYSTEM32;C:\WINDOWS\WinSxS\amd64_microsoft.windows.common-controls_6595b64144ccf1df_6.0.26100.9278_none_3e0d1ba8e3303201;c:\Users\Giavy\.vscode\extensions\redhat.java-1.56.0-win32-x64\jre\21.0.12.1-win32-x86_64\bin\server;C:\Users\Giavy\AppData\Roaming\Code\User\globalStorage\redhat.java\1.56.0\config_win\org.eclipse.equinox.launcher\org.eclipse.equinox.launcher.win32.win32.x86_64_1.3.100.v20260804-1928;C:\Users\Giavy\AppData\Local\Temp\jna-68795042

VM Arguments:
jvm_args: --add-modules=ALL-SYSTEM --add-opens=java.base/java.util=ALL-UNNAMED --add-opens=java.base/java.lang=ALL-UNNAMED --add-opens=java.base/sun.nio.fs=ALL-UNNAMED -Declipse.application=org.eclipse.jdt.ls.core.id1 -Dosgi.bundles.defaultStartLevel=4 -Declipse.product=org.eclipse.jdt.ls.core.product -Djava.import.generatesMetadataFilesAtProjectRoot=false -Dm2e.project.cache.size=50 -DDetectVMInstallationsJob.disabled=true -Dfile.encoding=utf8 -XX:+UseParallelGC -XX:GCTimeRatio=4 -XX:AdaptiveSizePolicyWeight=90 -Dsun.zip.disableMemoryMapping=true -Xmx8G -Xms100m -Xlog:disable -javaagent:c:\Users\Giavy\.vscode\extensions\redhat.java-1.56.0-win32-x64\lombok\lombok-1.18.39-4050.jar -XX:+HeapDumpOnOutOfMemoryError -XX:HeapDumpPath=c:\Users\Giavy\AppData\Roaming\Code\User\workspaceStorage\df6f78a15654e905172c785effdb8983\redhat.java -Daether.dependencyCollector.impl=bf 
java_command: c:\Users\Giavy\.vscode\extensions\redhat.java-1.56.0-win32-x64\server\plugins\org.eclipse.equinox.launcher_1.8.0.v20260804-1928.jar -configuration c:\Users\Giavy\AppData\Roaming\Code\User\globalStorage\redhat.java\1.56.0\config_win -data c:\Users\Giavy\AppData\Roaming\Code\User\workspaceStorage\df6f78a15654e905172c785effdb8983\redhat.java\jdt_ws --pipe=\\.\pipe\lsp-b8257b7c84d2a3b55bfa8686cd703a6f-sock
java_class_path (initial): c:\Users\Giavy\.vscode\extensions\redhat.java-1.56.0-win32-x64\server\plugins\org.eclipse.equinox.launcher_1.8.0.v20260804-1928.jar
Launcher Type: SUN_STANDARD

[Global flags]
    uintx AdaptiveSizePolicyWeight                 = 90                                        {product} {command line}
     intx CICompilerCount                          = 4                                         {product} {ergonomic}
    uintx GCTimeRatio                              = 4                                         {product} {command line}
     bool HeapDumpOnOutOfMemoryError               = true                                   {manageable} {command line}
    ccstr HeapDumpPath                             = c:\Users\Giavy\AppData\Roaming\Code\User\workspaceStorage\df6f78a15654e905172c785effdb8983\redhat.java         {manageable} {command line}
   size_t InitialHeapSize                          = 104857600                                 {product} {command line}
   size_t MaxHeapSize                              = 8589934592                                {product} {command line}
   size_t MaxNewSize                               = 2863136768                                {product} {ergonomic}
   size_t MinHeapDeltaBytes                        = 524288                                    {product} {ergonomic}
   size_t MinHeapSize                              = 104857600                                 {product} {command line}
   size_t NewSize                                  = 34603008                                  {product} {ergonomic}
    uintx NonNMethodCodeHeapSize                   = 5839372                                {pd product} {ergonomic}
    uintx NonProfiledCodeHeapSize                  = 122909434                              {pd product} {ergonomic}
   size_t OldSize                                  = 70254592                                  {product} {ergonomic}
    uintx ProfiledCodeHeapSize                     = 122909434                              {pd product} {ergonomic}
    uintx ReservedCodeCacheSize                    = 251658240                              {pd product} {ergonomic}
     bool SegmentedCodeCache                       = true                                      {product} {ergonomic}
   size_t SoftMaxHeapSize                          = 8589934592                             {manageable} {ergonomic}
     bool UseCompressedOops                        = true                           {product lp64_product} {ergonomic}
     bool UseLargePagesIndividualAllocation        = false                                  {pd product} {ergonomic}
     bool UseParallelGC                            = true                                      {product} {command line}

Logging:
Log output configuration:
 #0: stdout all=off uptime,level,tags foldmultilines=false
 #1: stderr all=off uptime,level,tags foldmultilines=false

Release file:
JAVA_VERSION="21.0.12.1" 
MODULES="java.base java.compiler java.datatransfer java.xml java.prefs java.desktop java.instrument java.logging java.management java.security.sasl java.naming java.rmi java.management.rmi java.net.http java.scripting java.security.jgss java.transaction.xa java.sql java.sql.rowset java.xml.crypto java.se java.smartcardio jdk.accessibility jdk.internal.jvmstat jdk.attach jdk.charsets jdk.internal.opt jdk.zipfs jdk.compiler jdk.crypto.ec jdk.crypto.cryptoki jdk.crypto.mscapi jdk.dynalink jdk.internal.ed jdk.editpad jdk.hotspot.agent jdk.httpserver jdk.internal.le jdk.internal.vm.ci jdk.internal.vm.compiler jdk.internal.vm.compiler.management jdk.jartool jdk.javadoc jdk.jcmd jdk.management jdk.management.agent jdk.jconsole jdk.jdeps jdk.jdwp.agent jdk.jdi jdk.jfr jdk.jshell jdk.jsobject jdk.jstatd jdk.localedata jdk.management.jfr jdk.naming.dns jdk.naming.rmi jdk.net jdk.nio.mapmode jdk.random jdk.sctp jdk.security.auth jdk.security.jgss jdk.unsupported jdk.unsupported.desktop jdk.xml.dom" 

Environment Variables:
JAVA_HOME=C:\Program Files\Eclipse Adoptium\jdk-17.0.15.6-hotspot\
PATH=C:\Program Files\Common Files\Oracle\Java\javapath;C:\Program Files (x86)\Common Files\Oracle\Java\javapath;C:\Program Files\Eclipse Adoptium\jdk-17.0.15.6-hotspot\bin;C:\Program Files (x86)\VMware\VMware Workstation\bin\;C:\WINDOWS\system32;C:\WINDOWS;C:\WINDOWS\System32\Wbem;C:\WINDOWS\System32\WindowsPowerShell\v1.0\;C:\WINDOWS\System32\OpenSSH\;C:\mingw64\bin;C:\Program Files\dotnet\;C:\Program Files (x86)\Microsoft SQL Server\160\Tools\Binn\;C:\Program Files\Microsoft SQL Server\160\Tools\Binn\;C:\Program Files\Microsoft SQL Server\Client SDK\ODBC\170\Tools\Binn\;C:\Program Files\Microsoft SQL Server\160\DTS\Binn\;C:\Program Files (x86)\Microsoft SQL Server\160\DTS\Binn\;C:\Program Files\Java\jdk-24\bin;C:\Users\Giavy\Downloads\jdk-25_windows-x64_bin.zip\jdk-25.0.1\bin;C:\Program Files\nodejs\;C:\ProgramData\chocolatey\bin;C:\Program Files\Git\cmd;C:\Users\Giavy\AppData\Local\Programs\Python\Python312\Scripts\;C:\Users\Giavy\AppData\Local\Programs\Python\Python312\;C:\Users\Giavy\AppData\Local\Programs\Python\Launcher\;C:\Users\Giavy\AppData\Local\Microsoft\WindowsApps;C:\Users\Giavy\Documents\Microsoft VS Code\bin;C:\mingw64\bin;C:\Users\Giavy\AppData\Local\Programs\cursor\resources\app\bin;C:\Users\Giavy\AppData\Local\Programs\Antigravity\bin;C:\Users\Giavy\AppData\Roaming\npm;C:\Users\Giavy\AppData\Local\Programs\Windsurf\bin
USERNAME=Giavy
OS=Windows_NT
PROCESSOR_IDENTIFIER=Intel64 Family 6 Model 186 Stepping 3, GenuineIntel
TMP=C:\Users\Giavy\AppData\Local\Temp
TEMP=C:\Users\Giavy\AppData\Local\Temp




Periodic native trim disabled

---------------  S Y S T E M  ---------------

OS:
 Windows 11 , 64 bit Build 26100 (10.0.26100.9444)
OS uptime: 0 days 22:42 hours
Hyper-V role detected

CPU: total 12 (initial active 12) (6 cores per cpu, 2 threads per core) family 6 model 186 stepping 3 microcode 0x410e, cx8, cmov, fxsr, ht, mmx, 3dnowpref, sse, sse2, sse3, ssse3, sse4.1, sse4.2, popcnt, lzcnt, tsc, tscinvbit, avx, avx2, aes, erms, clmul, bmi1, bmi2, adx, sha, fma, vzeroupper, clflush, clflushopt, clwb, hv, serialize, rdtscp, rdpid, fsrm, f16c, cet_ibt, cet_ss
Processor Information for processor 0
  Max Mhz: 1300, Current Mhz: 1300, Mhz Limit: 1300
Processor Information for processor 1
  Max Mhz: 1300, Current Mhz: 1300, Mhz Limit: 1300
Processor Information for processor 2
  Max Mhz: 1300, Current Mhz: 1300, Mhz Limit: 1300
Processor Information for processor 3
  Max Mhz: 1300, Current Mhz: 1300, Mhz Limit: 1300
Processor Information for processor 4
  Max Mhz: 1300, Current Mhz: 900, Mhz Limit: 897
Processor Information for processor 5
  Max Mhz: 1300, Current Mhz: 900, Mhz Limit: 897
Processor Information for processor 6
  Max Mhz: 1300, Current Mhz: 900, Mhz Limit: 897
Processor Information for processor 7
  Max Mhz: 1300, Current Mhz: 900, Mhz Limit: 897
Processor Information for processor 8
  Max Mhz: 1300, Current Mhz: 900, Mhz Limit: 897
Processor Information for processor 9
  Max Mhz: 1300, Current Mhz: 900, Mhz Limit: 897
Processor Information for processor 10
  Max Mhz: 1300, Current Mhz: 900, Mhz Limit: 897
Processor Information for processor 11
  Max Mhz: 1300, Current Mhz: 900, Mhz Limit: 897

Memory: 4k page, system-wide physical 7916M (120M free)
TotalPageFile size 19166M (AvailPageFile size 10M)
current process WorkingSet (physical memory assigned to process): 187M, peak: 187M
current process commit charge ("private bytes"): 519M, peak: 520M

vm_info: OpenJDK 64-Bit Server VM (21.0.12.1+1-LTS) for windows-amd64 JRE (21.0.12.1+1-LTS), built on 2026-08-18T00:00:00Z by "admin" with MS VC++ 17.12 (VS2022)

END.
